******************************************************************************
                  MSP430 Linker PC v4.2.1                      
******************************************************************************
>> Linked Tue Dec 29 17:16:27 2015

OUTPUT FILE NAME:   <Pro01a_sdcard_audio.out>
ENTRY POINT SYMBOL: "_c_int00"  address: 00008384


MEMORY CONFIGURATION

         name            origin    length      used     unused   attr    fill
----------------------  --------  ---------  --------  --------  ----  --------
  SFR                   00000000   00000010  00000000  00000010  RWIX
  PERIPHERALS_8BIT      00000010   000000f0  00000000  000000f0  RWIX
  PERIPHERALS_16BIT     00000100   00000100  00000000  00000100  RWIX
  INFOD                 00001800   00000080  00000000  00000080  RWIX
  INFOC                 00001880   00000080  00000000  00000080  RWIX
  INFOB                 00001900   00000080  00000000  00000080  RWIX
  INFOA                 00001980   00000080  00000000  00000080  RWIX
  RAM                   00002400   00004000  00001e1f  000021e1  RWIX
  FLASH                 00008000   00007f80  00006a60  00001520  RWIX
  INT00                 0000ff80   00000002  00000000  00000002  RWIX
  INT01                 0000ff82   00000002  00000000  00000002  RWIX
  INT02                 0000ff84   00000002  00000000  00000002  RWIX
  INT03                 0000ff86   00000002  00000000  00000002  RWIX
  INT04                 0000ff88   00000002  00000000  00000002  RWIX
  INT05                 0000ff8a   00000002  00000000  00000002  RWIX
  INT06                 0000ff8c   00000002  00000000  00000002  RWIX
  INT07                 0000ff8e   00000002  00000000  00000002  RWIX
  INT08                 0000ff90   00000002  00000000  00000002  RWIX
  INT09                 0000ff92   00000002  00000000  00000002  RWIX
  INT10                 0000ff94   00000002  00000000  00000002  RWIX
  INT11                 0000ff96   00000002  00000000  00000002  RWIX
  INT12                 0000ff98   00000002  00000000  00000002  RWIX
  INT13                 0000ff9a   00000002  00000000  00000002  RWIX
  INT14                 0000ff9c   00000002  00000000  00000002  RWIX
  INT15                 0000ff9e   00000002  00000000  00000002  RWIX
  INT16                 0000ffa0   00000002  00000000  00000002  RWIX
  INT17                 0000ffa2   00000002  00000000  00000002  RWIX
  INT18                 0000ffa4   00000002  00000000  00000002  RWIX
  INT19                 0000ffa6   00000002  00000000  00000002  RWIX
  INT20                 0000ffa8   00000002  00000000  00000002  RWIX
  INT21                 0000ffaa   00000002  00000000  00000002  RWIX
  INT22                 0000ffac   00000002  00000000  00000002  RWIX
  INT23                 0000ffae   00000002  00000000  00000002  RWIX
  INT24                 0000ffb0   00000002  00000000  00000002  RWIX
  INT25                 0000ffb2   00000002  00000000  00000002  RWIX
  INT26                 0000ffb4   00000002  00000000  00000002  RWIX
  INT27                 0000ffb6   00000002  00000000  00000002  RWIX
  INT28                 0000ffb8   00000002  00000000  00000002  RWIX
  INT29                 0000ffba   00000002  00000000  00000002  RWIX
  INT30                 0000ffbc   00000002  00000000  00000002  RWIX
  INT31                 0000ffbe   00000002  00000000  00000002  RWIX
  INT32                 0000ffc0   00000002  00000000  00000002  RWIX
  INT33                 0000ffc2   00000002  00000000  00000002  RWIX
  INT34                 0000ffc4   00000002  00000000  00000002  RWIX
  INT35                 0000ffc6   00000002  00000000  00000002  RWIX
  INT36                 0000ffc8   00000002  00000000  00000002  RWIX
  INT37                 0000ffca   00000002  00000002  00000000  RWIX
  INT38                 0000ffcc   00000002  00000000  00000002  RWIX
  INT39                 0000ffce   00000002  00000000  00000002  RWIX
  INT40                 0000ffd0   00000002  00000002  00000000  RWIX
  INT41                 0000ffd2   00000002  00000000  00000002  RWIX
  INT42                 0000ffd4   00000002  00000000  00000002  RWIX
  INT43                 0000ffd6   00000002  00000000  00000002  RWIX
  INT44                 0000ffd8   00000002  00000000  00000002  RWIX
  INT45                 0000ffda   00000002  00000000  00000002  RWIX
  INT46                 0000ffdc   00000002  00000002  00000000  RWIX
  INT47                 0000ffde   00000002  00000000  00000002  RWIX
  INT48                 0000ffe0   00000002  00000000  00000002  RWIX
  INT49                 0000ffe2   00000002  00000000  00000002  RWIX
  INT50                 0000ffe4   00000002  00000000  00000002  RWIX
  INT51                 0000ffe6   00000002  00000002  00000000  RWIX
  INT52                 0000ffe8   00000002  00000000  00000002  RWIX
  INT53                 0000ffea   00000002  00000002  00000000  RWIX
  INT54                 0000ffec   00000002  00000000  00000002  RWIX
  INT55                 0000ffee   00000002  00000000  00000002  RWIX
  INT56                 0000fff0   00000002  00000000  00000002  RWIX
  INT57                 0000fff2   00000002  00000000  00000002  RWIX
  INT58                 0000fff4   00000002  00000000  00000002  RWIX
  INT59                 0000fff6   00000002  00000000  00000002  RWIX
  INT60                 0000fff8   00000002  00000000  00000002  RWIX
  INT61                 0000fffa   00000002  00000000  00000002  RWIX
  INT62                 0000fffc   00000002  00000000  00000002  RWIX
  RESET                 0000fffe   00000002  00000002  00000000  RWIX
  FLASH2                00010000   00038000  00000000  00038000  RWIX


SECTION ALLOCATION MAP

 output                                  attributes/
section   page    origin      length       input sections
--------  ----  ----------  ----------   ----------------
.pinit     0    00008000    00000000     UNINITIALIZED

.bss       0    00002400    00001a1f     UNINITIALIZED
                  00002400    00001558     main.obj (.bss)
                  00003958    0000022e     dr_usbmsc.obj (.bss)
                  00003b86    000001de     UsbMscScsi.obj (.bss)
                  00003d64    00000056     dr_audio.obj (.bss)
                  00003dba    00000046     usb.obj (.bss)
                  00003e00    00000008     dma.obj (.bss)
                  00003e08    00000008     rts430x.lib : _lock.obj (.bss)
                  00003e10    00000008                 : boot.obj (.bss)
                  00003e18    00000004     ff.obj (.bss)
                  00003e1c    00000003     mmc.obj (.bss)

.stack     0    00006000    00000400     UNINITIALIZED
                  00006000    00000002     rts430x.lib : boot.obj (.stack)
                  00006002    000003fe     --HOLE--

.text:_isr 
*          0    00008000    000003b6     
                  00008000    0000014e     main.obj (.text:_isr:USCI_A1_ISR)
                  0000814e    0000010e     UsbIsr.obj (.text:_isr:iUsbInterruptHandler)
                  0000825c    0000009a     dr_audio.obj (.text:_isr:audioTimerInterrupt)
                  000082f6    0000008e     main.obj (.text:_isr:Port_4)
                  00008384    0000002a     rts430x.lib : boot.obj (.text:_isr:_c_int00_noexit)
                  000083ae    00000008     main.obj (.text:_isr:TIMER0_A0_ISR)

.cinit     0    000083b6    000000a8     
                  000083b6    0000002a     UsbMscScsi.obj (.cinit)
                  000083e0    00000023     dr_usbmsc.obj (.cinit)
                  00008403    00000001     --HOLE-- [fill = 0]
                  00008404    0000001e     main.obj (.cinit)
                  00008422    00000018     usb.obj (.cinit)
                  0000843a    00000016     dr_audio.obj (.cinit)
                  00008450    0000000b     mmc.obj (.cinit)
                  0000845b    00000001     --HOLE-- [fill = 0]
                  0000845c    00000002     (.pad.cinit) [fill = 0]

.text      0    0000845e    00005256     
                  0000845e    000005c6     dr_tft.obj (.text:initTFT)
                  00008a24    000004ac     ff.obj (.text:chk_mounted)
                  00008ed0    000003fe     UsbMscScsi.obj (.text:MSCFromHostToBuffer)
                  000092ce    0000038e     rts430x.lib : llmath.obj (.text:__divull)
                  0000965c    0000030c     main.obj (.text:main)
                  00009968    000002d6     UsbMscScsi.obj (.text:MSCToHostFromBuffer)
                  00009c3e    0000020e     ff.obj (.text:f_open)
                  00009e4c    000001e0     ff.obj (.text:f_read)
                  0000a02c    000001c4     rts430x.lib : _printfi_nf.obj (.text:__TI_printfi_nofloat)
                  0000a1f0    000001b4                 : _printfi_nf.obj (.text:_setfield)
                  0000a3a4    00000176     ff.obj (.text:dir_next)
                  0000a51a    00000174     ff.obj (.text:put_fat)
                  0000a68e    0000016c     ff.obj (.text:create_name)
                  0000a7fa    00000164     rts430x.lib : _printfi_nf.obj (.text:_getarg_diouxp)
                  0000a95e    00000146     mmc.obj (.text:disk_initialize)
                  0000aaa4    00000132     rts430x.lib : _printfi_nf.obj (.text:_pproc_diouxp)
                  0000abd6    00000130     usb.obj (.text:USB_reset)
                  0000ad06    0000012e     ff.obj (.text:get_fat)
                  0000ae34    00000122     dr_audio.obj (.text:audio_ReadHeader)
                  0000af56    00000120     ff.obj (.text:create_chain)
                  0000b076    000000fa     rts430x.lib : _printfi_nf.obj (.text:_ltostr)
                  0000b170    000000fa                 : _printfi_nf.obj (.text:_pproc_fwp)
                  0000b26a    000000fa     ff.obj (.text:dir_sdi)
                  0000b364    000000f4     mmc.obj (.text:disk_ioctl)
                  0000b458    000000f0     ff.obj (.text:sync)
                  0000b548    000000d2     ff.obj (.text:get_fileinfo)
                  0000b61a    000000be     ff.obj (.text:move_window)
                  0000b6d8    000000bc     mmc.obj (.text:disk_write)
                  0000b794    000000bc     dr_tft2.obj (.text:etft_DisplayString)
                  0000b850    000000ac     mmc.obj (.text:send_cmd)
                  0000b8fc    000000aa     ff.obj (.text:follow_path)
                  0000b9a6    000000a8     ff.obj (.text:f_sync)
                  0000ba4e    000000a2     ff.obj (.text:f_opendir)
                  0000baf0    000000a0     rts430x.lib : _printfi_nf.obj (.text:_pproc_str)
                  0000bb90    0000009c     ff.obj (.text:remove_chain)
                  0000bc2c    00000096     dr_audio.obj (.text:audio_Decode)
                  0000bcc2    00000094     mmc.obj (.text:disk_read)
                  0000bd56    00000092     usb.obj (.text:usbDecodeAndProcessUsbRequest)
                  0000bde8    00000090     ff.obj (.text:check_fs)
                  0000be78    0000008e     rts430x.lib : fs_div.obj (.text)
                  0000bf06    0000008e     usb.obj (.text:usbGetEndpointStatus)
                  0000bf94    0000008a     usb.obj (.text:USB_enable)
                  0000c01e    00000086     UsbMscScsi.obj (.text:Reset_RequestSenseResponse)
                  0000c0a4    00000086     rts430x.lib : _printfi_nf.obj (.text:_div)
                  0000c12a    00000084     ff.obj (.text:dir_register)
                  0000c1ae    0000007c     dr_tft2.obj (.text:etft_AreaSet)
                  0000c22a    0000007c     usb.obj (.text:usbClearEndpointFeature)
                  0000c2a6    00000078     dr_audio.obj (.text:audio_DecoderStatus)
                  0000c31e    00000074     fw_queue.obj (.text:queue_Read)
                  0000c392    00000072     UsbMscScsi.obj (.text:MscCopyUsbToBuff)
                  0000c404    00000072     fw_queue.obj (.text:queue_Write)
                  0000c476    0000006e     main.obj (.text:initClock)
                  0000c4e4    0000006c     usb.obj (.text:usbSendNextPacketOnIEP0)
                  0000c550    00000068     UsbMscScsi.obj (.text:MscSendData)
                  0000c5b8    00000068     dr_audio.obj (.text:audio_CheckWavFmt)
                  0000c620    00000068     rts430x.lib : fs_toi.obj (.text)
                  0000c688    00000064     ff.obj (.text:f_readdir)
                  0000c6ec    0000005e     ff.obj (.text:dir_read)
                  0000c74a    0000005a     rts430x.lib : mult64_f5hw.obj (.text:__mpyll)
                  0000c7a4    0000005a     ff.obj (.text:dir_find)
                  0000c7fe    00000058     rts430x.lib : div32u.obj (.text)
                  0000c856    00000058     mmc.obj (.text:xmit_datablock)
                  0000c8ae    00000056     HAL_SDCard.obj (.text:SDCard_init)
                  0000c904    00000056     dr_audio.obj (.text:initAudio)
                  0000c95a    00000054     rts430x.lib : atoi.obj (.text:atoi)
                  0000c9ae    00000054     mmc.obj (.text:rcvr_datablock)
                  0000ca02    00000050     usb.obj (.text:usbReceiveNextPacketOnOEP0)
                  0000ca52    0000004c     UsbMscScsi.obj (.text:Msc_ResetStruct)
                  0000ca9e    0000004c     fw_queue.obj (.text:queue_ThrowData)
                  0000caea    00000048     UsbIsr.obj (.text:PWRVBUSoffHandler)
                  0000cb32    00000048     UsbIsr.obj (.text:SetupPacketInterruptHandler)
                  0000cb7a    00000048     rts430x.lib : autoinit.obj (.text:_auto_init)
                  0000cbc2    00000048     usb.obj (.text:usbSetEndpointFeature)
                  0000cc0a    00000046     usb.obj (.text:usbGetStringDescriptor)
                  0000cc50    00000044     rts430x.lib : _printfi_nf.obj (.text:_pproc_fflags)
                  0000cc94    0000003e                 : llmath.obj (.text:__lslll)
                  0000ccd2    0000003e                 : llmath.obj (.text:__lsrll)
                  0000cd10    0000003e     ff.obj (.text:clust2sect)
                  0000cd4e    0000003e     rts430x.lib : lsl32.obj (.text:l_lsl_const)
                  0000cd8c    0000003e                 : lsr32.obj (.text:l_lsr_const)
                  0000cdca    00000038                 : sprintf.obj (.text:sprintf)
                  0000ce02    00000038     mmc.obj (.text:wait_ready)
                  0000ce3a    00000036     UsbIsr.obj (.text:PWRVBUSonHandler)
                  0000ce70    00000036     main.obj (.text:changefre)
                  0000cea6    00000036     rts430x.lib : fs_itof.obj (.text)
                  0000cedc    00000036     main.obj (.text:scomm_ini)
                  0000cf12    00000036     rts430x.lib : strstr.obj (.text:strstr)
                  0000cf48    00000034     HAL_SDCard.obj (.text:SDCard_readFrame)
                  0000cf7c    00000034     UsbMscReq.obj (.text:USBMSC_reset)
                  0000cfb0    00000034     dr_audio.obj (.text:audio_CheckRIFFHeader)
                  0000cfe4    00000032     usb.obj (.text:usbSetInterface)
                  0000d016    00000030     UsbMscStateMachine.obj (.text:Msc_ResetStateMachine)
                  0000d046    00000030     HAL_UCS.obj (.text:XT2_Start)
                  0000d076    0000002e     ff.obj (.text:f_mount)
                  0000d0a4    0000002c     HAL_SDCard.obj (.text:SDCard_sendFrame)
                  0000d0d0    0000002c     usb.obj (.text:USB_suspend)
                  0000d0fc    0000002c     ff.obj (.text:validate)
                  0000d128    0000002a     main.obj (.text:ini_myaudio)
                  0000d152    0000002a     usb.obj (.text:usbGetDeviceStatus)
                  0000d17c    00000026     dr_audio.obj (.text:audio_DecoderReset)
                  0000d1a2    00000024     UsbIsr.obj (.text:OEP0InterruptHandler)
                  0000d1c6    00000022     UsbMscScsi.obj (.text:MscResetData)
                  0000d1e8    00000022     rts430x.lib : memcmp.obj (.text:memcmp)
                  0000d20a    00000022                 : mult32_f5hw.obj (.text)
                  0000d22c    00000022     main.obj (.text:strupr)
                  0000d24e    00000022     usb.obj (.text:usbSendDataPacketOnEP0)
                  0000d270    00000020     mmc.obj (.text:disk_status)
                  0000d290    00000020     dr_tft.obj (.text:tft_AddTxData)
                  0000d2b0    00000020     usb.obj (.text:usbSetAddress)
                  0000d2d0    00000020     usb.obj (.text:usbSetConfiguration)
                  0000d2f0    0000001e     usb.obj (.text:usbGetInterface)
                  0000d30e    0000001e     usb.obj (.text:usbGetInterfaceStatus)
                  0000d32c    0000001c     UsbIsr.obj (.text:IEP0InterruptHandler)
                  0000d348    0000001c     main.obj (.text:interrupt_key)
                  0000d364    0000001c     rts430x.lib : memccpy.obj (.text:memccpy)
                  0000d380    0000001a     UsbMscReq.obj (.text:Get_MaxLUN)
                  0000d39a    0000001a     usb.obj (.text:USB_connect)
                  0000d3b4    00000018     usb.obj (.text:USB_resume)
                  0000d3cc    00000018     rts430x.lib : sprintf.obj (.text:_outs)
                  0000d3e4    00000018     mmc.obj (.text:select)
                  0000d3fc    00000018     usb.obj (.text:usbClearDeviceFeature)
                  0000d414    00000018     usb.obj (.text:usbSetDeviceFeature)
                  0000d42c    00000016     fw_queue.obj (.text:initQueue)
                  0000d442    00000016     rts430x.lib : div16u.obj (.text)
                  0000d458    00000016                 : mult16_f5hw.obj (.text)
                  0000d46e    00000016     usb.obj (.text:usbGetConfigurationDescriptor)
                  0000d484    00000016     usb.obj (.text:usbGetDeviceDescriptor)
                  0000d49a    00000014     usbEventHandling.obj (.text:USB_handleVbusOnEvent)
                  0000d4ae    00000014     ff.obj (.text:chk_chr)
                  0000d4c2    00000014     ff.obj (.text:f_close)
                  0000d4d6    00000014     ff.obj (.text:mem_cmp)
                  0000d4ea    00000014     rts430x.lib : memset.obj (.text:memset)
                  0000d4fe    00000014     dr_tft.obj (.text:tft_SendData)
                  0000d512    00000014     dr_tft.obj (.text:tft_SendIndex)
                  0000d526    00000014     usb.obj (.text:usbGetConfiguration)
                  0000d53a    00000012     HAL_SDCard.obj (.text:SDCard_fastMode)
                  0000d54c    00000012     rts430x.lib : sprintf.obj (.text:_outc)
                  0000d55e    00000012     mmc.obj (.text:deselect)
                  0000d570    00000012     rts430x.lib : memcpy.obj (.text:memcpy)
                  0000d582    00000010     dr_audio.obj (.text:audio_SetWavStream)
                  0000d592    00000010     rts430x.lib : lsl32.obj (.text:l_lsl)
                  0000d5a2    00000010                 : lsr32.obj (.text:l_lsr)
                  0000d5b2    00000010     ff.obj (.text:mem_cpy)
                  0000d5c2    00000010     ff.obj (.text:mem_set)
                  0000d5d2    00000010     rts430x.lib : strcpy.obj (.text:strcpy)
                  0000d5e2    0000000e                 : strlen.obj (.text:strlen)
                  0000d5f0    0000000e     dr_tft.obj (.text:tft_SendCmd)
                  0000d5fe    0000000e     usb.obj (.text:usbInvalidRequest)
                  0000d60c    0000000e     usb.obj (.text:usbSendZeroLengthPacketOnIEP0)
                  0000d61a    0000000c     fw_queue.obj (.text:queue_CanRead)
                  0000d626    0000000a     mmc.obj (.text:get_fattime)
                  0000d630    0000000a     rts430x.lib : lsl16.obj (.text)
                  0000d63a    0000000a     usb.obj (.text:usbStallEndpoint0)
                  0000d644    00000008     HAL_SDCard.obj (.text:SDCard_setCSHigh)
                  0000d64c    00000008     HAL_SDCard.obj (.text:SDCard_setCSLow)
                  0000d654    00000008     dr_audio.obj (.text:audio_OutputShutDown)
                  0000d65c    00000008     dr_audio.obj (.text:audio_OutputTurnOn)
                  0000d664    00000006     UsbMscScsi.obj (.text:Msc_ResetFlags)
                  0000d66a    00000006     dr_audio.obj (.text:audio_SetOutput)
                  0000d670    00000006     fw_queue.obj (.text:queue_CanWrite)
                  0000d676    00000006     mmc.obj (.text:rcvr_mmc)
                  0000d67c    00000006     usb.obj (.text:usbClearOEP0ByteCount)
                  0000d682    00000006     usb.obj (.text:usbStallOEP0)
                  0000d688    00000006     mmc.obj (.text:xmit_mmc)
                  0000d68e    00000004     usbEventHandling.obj (.text:USBMSC_handleBufferEvent)
                  0000d692    00000004     usbEventHandling.obj (.text:USB_handleClockEvent)
                  0000d696    00000004     usbEventHandling.obj (.text:USB_handleEnumCompleteEvent)
                  0000d69a    00000004     usbEventHandling.obj (.text:USB_handleResetEvent)
                  0000d69e    00000004     usbEventHandling.obj (.text:USB_handleResumeEvent)
                  0000d6a2    00000004     usbEventHandling.obj (.text:USB_handleSuspendEvent)
                  0000d6a6    00000004     usbEventHandling.obj (.text:USB_handleVbusOffEvent)
                  0000d6aa    00000004     rts430x.lib : pre_init.obj (.text:_system_pre_init)
                  0000d6ae    00000004                 : exit.obj (.text:abort)
                  0000d6b2    00000002                 : _lock.obj (.text:_nop)

.const     0    0000d6b4    000013ac     
                  0000d6b4    00001010     dr_tft2.obj (.const:.string:tft_ascii)
                  0000e6c4    00000102     rts430x.lib : ctype.obj (.const:.string:_ctypes_)
                  0000e7c6    000000fc     descriptors.obj (.const:tUsbRequestList)
                  0000e8c2    00000076     descriptors.obj (.const:.string:abromStringDescriptor)
                  0000e938    00000068     main.obj (.const:.string)
                  0000e9a0    00000024     rts430x.lib : _printfi_nf.obj (.const:.string)
                  0000e9c4    00000020     usb.obj (.const:.string)
                  0000e9e4    00000020     descriptors.obj (.const)
                  0000ea04    00000018     dr_audio.obj (.const:.string)
                  0000ea1c    00000012     descriptors.obj (.const:.string:abromDeviceDescriptor)
                  0000ea2e    00000010     ff.obj (.const:.string)
                  0000ea3e    00000010     UsbMscScsi.obj (.const)
                  0000ea4e    00000010     descriptors.obj (.const:stUsbHandle)
                  0000ea5e    00000002     dr_usbmsc.obj (.const)

.int37     0    0000ffca    00000002     
                  0000ffca    00000002     main.obj (.int37)

.int40     0    0000ffd0    00000002     
                  0000ffd0    00000002     dr_audio.obj (.int40)

.int46     0    0000ffdc    00000002     
                  0000ffdc    00000002     main.obj (.int46)

.int51     0    0000ffe6    00000002     
                  0000ffe6    00000002     UsbIsr.obj (.int51)

.int53     0    0000ffea    00000002     
                  0000ffea    00000002     main.obj (.int53)

.reset     0    0000fffe    00000002     
                  0000fffe    00000002     rts430x.lib : boot.obj (.reset)


GLOBAL SYMBOLS: SORTED ALPHABETICALLY BY Name 

address    name
--------   ----
00002400   .bss
ffffffff   .text
00000700   ADC12CTL0
00000701   ADC12CTL0_H
00000700   ADC12CTL0_L
00000702   ADC12CTL1
00000703   ADC12CTL1_H
00000702   ADC12CTL1_L
00000704   ADC12CTL2
00000705   ADC12CTL2_H
00000704   ADC12CTL2_L
0000070c   ADC12IE
0000070d   ADC12IE_H
0000070c   ADC12IE_L
0000070a   ADC12IFG
0000070b   ADC12IFG_H
0000070a   ADC12IFG_L
0000070e   ADC12IV
0000070f   ADC12IV_H
0000070e   ADC12IV_L
00000710   ADC12MCTL0
00000711   ADC12MCTL1
0000071a   ADC12MCTL10
0000071b   ADC12MCTL11
0000071c   ADC12MCTL12
0000071d   ADC12MCTL13
0000071e   ADC12MCTL14
0000071f   ADC12MCTL15
00000712   ADC12MCTL2
00000713   ADC12MCTL3
00000714   ADC12MCTL4
00000715   ADC12MCTL5
00000716   ADC12MCTL6
00000717   ADC12MCTL7
00000718   ADC12MCTL8
00000719   ADC12MCTL9
00000720   ADC12MEM0
00000721   ADC12MEM0_H
00000720   ADC12MEM0_L
00000722   ADC12MEM1
00000734   ADC12MEM10
00000735   ADC12MEM10_H
00000734   ADC12MEM10_L
00000736   ADC12MEM11
00000737   ADC12MEM11_H
00000736   ADC12MEM11_L
00000738   ADC12MEM12
00000739   ADC12MEM12_H
00000738   ADC12MEM12_L
0000073a   ADC12MEM13
0000073b   ADC12MEM13_H
0000073a   ADC12MEM13_L
0000073c   ADC12MEM14
0000073d   ADC12MEM14_H
0000073c   ADC12MEM14_L
0000073e   ADC12MEM15
0000073f   ADC12MEM15_H
0000073e   ADC12MEM15_L
00000723   ADC12MEM1_H
00000722   ADC12MEM1_L
00000724   ADC12MEM2
00000725   ADC12MEM2_H
00000724   ADC12MEM2_L
00000726   ADC12MEM3
00000727   ADC12MEM3_H
00000726   ADC12MEM3_L
00000728   ADC12MEM4
00000729   ADC12MEM4_H
00000728   ADC12MEM4_L
0000072a   ADC12MEM5
0000072b   ADC12MEM5_H
0000072a   ADC12MEM5_L
0000072c   ADC12MEM6
0000072d   ADC12MEM6_H
0000072c   ADC12MEM6_L
0000072e   ADC12MEM7
0000072f   ADC12MEM7_H
0000072e   ADC12MEM7_L
00000730   ADC12MEM8
00000731   ADC12MEM8_H
00000730   ADC12MEM8_L
00000732   ADC12MEM9
00000733   ADC12MEM9_H
00000732   ADC12MEM9_L
0000049e   BAKCHCTL
0000049f   BAKCHCTL_H
0000049e   BAKCHCTL_L
0000049c   BAKCTL
0000049d   BAKCTL_H
0000049c   BAKCTL_L
00000480   BAKMEM0
00000481   BAKMEM0_H
00000480   BAKMEM0_L
00000482   BAKMEM1
00000483   BAKMEM1_H
00000482   BAKMEM1_L
00000484   BAKMEM2
00000485   BAKMEM2_H
00000484   BAKMEM2_L
00000486   BAKMEM3
00000487   BAKMEM3_H
00000486   BAKMEM3_L
000004be   BCD2BIN
000004bc   BIN2BCD
0000ea5e   BYTES_PER_BLOCK
0000d6ae   C$$EXIT
000008c0   CBCTL0
000008c1   CBCTL0_H
000008c0   CBCTL0_L
000008c2   CBCTL1
000008c3   CBCTL1_H
000008c2   CBCTL1_L
000008c4   CBCTL2
000008c5   CBCTL2_H
000008c4   CBCTL2_L
000008c6   CBCTL3
000008c7   CBCTL3_H
000008c6   CBCTL3_L
000008cc   CBINT
000008cd   CBINT_H
000008cc   CBINT_L
000008ce   CBIV
00000150   CRCDI
00000152   CRCDIRB
00000153   CRCDIRB_H
00000152   CRCDIRB_L
00000151   CRCDI_H
00000150   CRCDI_L
00000154   CRCINIRES
00000155   CRCINIRES_H
00000154   CRCINIRES_L
00000156   CRCRESR
00000157   CRCRESR_H
00000156   CRCRESR_L
00000786   DAC12_0CALCTL
00000788   DAC12_0CALDAT
00000780   DAC12_0CTL0
00000782   DAC12_0CTL1
00000784   DAC12_0DAT
00000796   DAC12_1CALCTL
00000798   DAC12_1CALDAT
00000790   DAC12_1CTL0
00000792   DAC12_1CTL1
00000794   DAC12_1DAT
0000079e   DAC12_IV
00000510   DMA0CTL
00000511   DMA0CTL_H
00000510   DMA0CTL_L
00000516   DMA0DA
00000516   DMA0DAL
00000512   DMA0SA
00000512   DMA0SAL
0000051a   DMA0SZ
00000520   DMA1CTL
00000521   DMA1CTL_H
00000520   DMA1CTL_L
00000526   DMA1DA
00000526   DMA1DAL
00000522   DMA1SA
00000522   DMA1SAL
0000052a   DMA1SZ
00000530   DMA2CTL
00000531   DMA2CTL_H
00000530   DMA2CTL_L
00000536   DMA2DA
00000536   DMA2DAL
00000532   DMA2SA
00000532   DMA2SAL
0000053a   DMA2SZ
00000540   DMA3CTL
00000541   DMA3CTL_H
00000540   DMA3CTL_L
00000546   DMA3DA
00000546   DMA3DAL
00000542   DMA3SA
00000542   DMA3SAL
0000054a   DMA3SZ
00000550   DMA4CTL
00000551   DMA4CTL_H
00000550   DMA4CTL_L
00000556   DMA4DA
00000556   DMA4DAL
00000552   DMA4SA
00000552   DMA4SAL
0000055a   DMA4SZ
00000560   DMA5CTL
00000561   DMA5CTL_H
00000560   DMA5CTL_L
00000566   DMA5DA
00000566   DMA5DAL
00000562   DMA5SA
00000562   DMA5SAL
0000056a   DMA5SZ
00000500   DMACTL0
00000501   DMACTL0_H
00000500   DMACTL0_L
00000502   DMACTL1
00000503   DMACTL1_H
00000502   DMACTL1_L
00000504   DMACTL2
00000505   DMACTL2_H
00000504   DMACTL2_L
00000506   DMACTL3
00000507   DMACTL3_H
00000506   DMACTL3_L
00000508   DMACTL4
00000509   DMACTL4_H
00000508   DMACTL4_L
0000050e   DMAIV
0000050f   DMAIV_H
0000050e   DMAIV_L
00000140   FCTL1
00000141   FCTL1_H
00000140   FCTL1_L
00000144   FCTL3
00000145   FCTL3_H
00000144   FCTL3_L
00000146   FCTL4
00000147   FCTL4_H
00000146   FCTL4_L
0000d380   Get_MaxLUN
0000d32c   IEP0InterruptHandler
00003e1c   INS
0000d630   I_LSL
00000a04   LCDBBLKCTL
00000a05   LCDBBLKCTL_H
00000a04   LCDBBLKCTL_L
00000a12   LCDBCPCTL
00000a13   LCDBCPCTL_H
00000a12   LCDBCPCTL_L
00000a00   LCDBCTL0
00000a01   LCDBCTL0_H
00000a00   LCDBCTL0_L
00000a02   LCDBCTL1
00000a03   LCDBCTL1_H
00000a02   LCDBCTL1_L
00000a1e   LCDBIV
00000a40   LCDBM1
00000a49   LCDBM10
00000a4a   LCDBM11
00000a4b   LCDBM12
00000a4c   LCDBM13
00000a4d   LCDBM14
00000a4e   LCDBM15
00000a4f   LCDBM16
00000a50   LCDBM17
00000a51   LCDBM18
00000a52   LCDBM19
00000a41   LCDBM2
00000a53   LCDBM20
00000a54   LCDBM21
00000a55   LCDBM22
00000a56   LCDBM23
00000a57   LCDBM24
00000a42   LCDBM3
00000a43   LCDBM4
00000a44   LCDBM5
00000a45   LCDBM6
00000a46   LCDBM7
00000a47   LCDBM8
00000a48   LCDBM9
00000a06   LCDBMEMCTL
00000a07   LCDBMEMCTL_H
00000a06   LCDBMEMCTL_L
00000a0a   LCDBPCTL0
00000a0b   LCDBPCTL0_H
00000a0a   LCDBPCTL0_L
00000a0c   LCDBPCTL1
00000a0d   LCDBPCTL1_H
00000a0c   LCDBPCTL1_L
00000a0e   LCDBPCTL2
00000a0f   LCDBPCTL2_H
00000a0e   LCDBPCTL2_L
00000a10   LCDBPCTL3
00000a11   LCDBPCTL3_H
00000a10   LCDBPCTL3_L
00000a08   LCDBVCTL
00000a09   LCDBVCTL_H
00000a08   LCDBVCTL_L
00000a20   LCDM1
00000a29   LCDM10
00000a2a   LCDM11
00000a2b   LCDM12
00000a2c   LCDM13
00000a2d   LCDM14
00000a2e   LCDM15
00000a2f   LCDM16
00000a30   LCDM17
00000a31   LCDM18
00000a32   LCDM19
00000a21   LCDM2
00000a33   LCDM20
00000a34   LCDM21
00000a35   LCDM22
00000a36   LCDM23
00000a37   LCDM24
00000a22   LCDM3
00000a23   LCDM4
00000a24   LCDM5
00000a25   LCDM6
00000a26   LCDM7
00000a27   LCDM8
00000a28   LCDM9
0000d592   L_LSL
0000cd86   L_LSL_1
0000cd62   L_LSL_10
0000cd5e   L_LSL_11
0000cd5a   L_LSL_12
0000cd56   L_LSL_13
0000cd52   L_LSL_14
0000cd4e   L_LSL_15
0000cd82   L_LSL_2
0000cd7e   L_LSL_3
0000cd7a   L_LSL_4
0000cd76   L_LSL_5
0000cd72   L_LSL_6
0000cd6e   L_LSL_7
0000cd6a   L_LSL_8
0000cd66   L_LSL_9
0000d5a2   L_LSR
0000cdc4   L_LSR_1
0000cda0   L_LSR_10
0000cd9c   L_LSR_11
0000cd98   L_LSR_12
0000cd94   L_LSR_13
0000cd90   L_LSR_14
0000cd8c   L_LSR_15
0000cdc0   L_LSR_2
0000cdbc   L_LSR_3
0000cdb8   L_LSR_4
0000cdb4   L_LSR_5
0000cdb0   L_LSR_6
0000cdac   L_LSR_7
0000cda8   L_LSR_8
0000cda4   L_LSR_9
000004c4   MAC
000004da   MAC32H
000004db   MAC32H_H
000004da   MAC32H_L
000004d8   MAC32L
000004d9   MAC32L_H
000004d8   MAC32L_L
000004c6   MACS
000004de   MACS32H
000004df   MACS32H_H
000004de   MACS32H_L
000004dc   MACS32L
000004dd   MACS32L_H
000004dc   MACS32L_L
000004c7   MACS_H
000004c6   MACS_L
000004c5   MAC_H
000004c4   MAC_L
000004c0   MPY
000004ec   MPY32CTL0
000004ed   MPY32CTL0_H
000004ec   MPY32CTL0_L
000004d2   MPY32H
000004d3   MPY32H_H
000004d2   MPY32H_L
000004d0   MPY32L
000004d1   MPY32L_H
000004d0   MPY32L_L
000004c2   MPYS
000004d6   MPYS32H
000004d7   MPYS32H_H
000004d6   MPYS32H_L
000004d4   MPYS32L
000004d5   MPYS32L_H
000004d4   MPYS32L_L
000004c3   MPYS_H
000004c2   MPYS_L
000004c1   MPY_H
000004c0   MPY_L
00008ed0   MSCFromHostToBuffer
00009968   MSCToHostFromBuffer
00003be4   McsCbw
00003c04   McsCsw
00003bb6   MscControl
0000c392   MscCopyUsbToBuff
00003ba0   MscReadControl
0000d1c6   MscResetData
0000c550   MscSendData
00003c12   MscState
00003b86   MscWriteControl
0000d664   Msc_ResetFlags
0000d016   Msc_ResetStateMachine
0000ca52   Msc_ResetStruct
0000d1a2   OEP0InterruptHandler
000004c8   OP2
000004e2   OP2H
000004e3   OP2H_H
000004e2   OP2H_L
000004e0   OP2L
000004e1   OP2L_H
000004e0   OP2L_L
000004c9   OP2_H
000004c8   OP2_L
0000020e   P1IV
0000021e   P2IV
000001d0   P2MAP01
000001d1   P2MAP01_H
000001d0   P2MAP01_L
000001d2   P2MAP23
000001d3   P2MAP23_H
000001d2   P2MAP23_L
000001d4   P2MAP45
000001d5   P2MAP45_H
000001d4   P2MAP45_L
000001d6   P2MAP67
000001d7   P2MAP67_H
000001d6   P2MAP67_L
0000022e   P3IV
0000023e   P4IV
00000204   PADIR
00000205   PADIR_H
00000204   PADIR_L
00000208   PADS
00000209   PADS_H
00000208   PADS_L
0000021a   PAIE
00000218   PAIES
00000219   PAIES_H
00000218   PAIES_L
0000021b   PAIE_H
0000021a   PAIE_L
0000021c   PAIFG
0000021d   PAIFG_H
0000021c   PAIFG_L
00000200   PAIN
00000201   PAIN_H
00000200   PAIN_L
00000202   PAOUT
00000203   PAOUT_H
00000202   PAOUT_L
00000206   PAREN
00000207   PAREN_H
00000206   PAREN_L
0000020a   PASEL
0000020b   PASEL_H
0000020a   PASEL_L
00000224   PBDIR
00000225   PBDIR_H
00000224   PBDIR_L
00000228   PBDS
00000229   PBDS_H
00000228   PBDS_L
0000023a   PBIE
00000238   PBIES
00000239   PBIES_H
00000238   PBIES_L
0000023b   PBIE_H
0000023a   PBIE_L
0000023c   PBIFG
0000023d   PBIFG_H
0000023c   PBIFG_L
00000220   PBIN
00000221   PBIN_H
00000220   PBIN_L
00000222   PBOUT
00000223   PBOUT_H
00000222   PBOUT_L
00000226   PBREN
00000227   PBREN_H
00000226   PBREN_L
0000022a   PBSEL
0000022b   PBSEL_H
0000022a   PBSEL_L
00000244   PCDIR
00000245   PCDIR_H
00000244   PCDIR_L
00000248   PCDS
00000249   PCDS_H
00000248   PCDS_L
00000240   PCIN
00000241   PCIN_H
00000240   PCIN_L
00000242   PCOUT
00000243   PCOUT_H
00000242   PCOUT_L
00000246   PCREN
00000247   PCREN_H
00000246   PCREN_L
0000024a   PCSEL
0000024b   PCSEL_H
0000024a   PCSEL_L
00000264   PDDIR
00000265   PDDIR_H
00000264   PDDIR_L
00000268   PDDS
00000269   PDDS_H
00000268   PDDS_L
00000260   PDIN
00000261   PDIN_H
00000260   PDIN_L
00000262   PDOUT
00000263   PDOUT_H
00000262   PDOUT_L
00000266   PDREN
00000267   PDREN_H
00000266   PDREN_L
0000026a   PDSEL
0000026b   PDSEL_H
0000026a   PDSEL_L
00000284   PEDIR
00000285   PEDIR_H
00000284   PEDIR_L
00000288   PEDS
00000289   PEDS_H
00000288   PEDS_L
00000280   PEIN
00000281   PEIN_H
00000280   PEIN_L
00000282   PEOUT
00000283   PEOUT_H
00000282   PEOUT_L
00000286   PEREN
00000287   PEREN_H
00000286   PEREN_L
0000028a   PESEL
0000028b   PESEL_H
0000028a   PESEL_L
00000324   PJDIR
00000325   PJDIR_H
00000324   PJDIR_L
00000328   PJDS
00000329   PJDS_H
00000328   PJDS_L
00000320   PJIN
00000321   PJIN_H
00000320   PJIN_L
00000322   PJOUT
00000323   PJOUT_H
00000322   PJOUT_L
00000326   PJREN
00000327   PJREN_H
00000326   PJREN_L
00000130   PM5CTL0
00000131   PM5CTL0_H
00000130   PM5CTL0_L
000001c2   PMAPCTL
000001c3   PMAPCTL_H
000001c2   PMAPCTL_L
000001c0   PMAPKEYID
000001c1   PMAPKEYID_H
000001c0   PMAPKEYID_L
00000120   PMMCTL0
00000121   PMMCTL0_H
00000120   PMMCTL0_L
00000122   PMMCTL1
00000123   PMMCTL1_H
00000122   PMMCTL1_L
0000012c   PMMIFG
0000012d   PMMIFG_H
0000012c   PMMIFG_L
0000012e   PMMRIE
0000012f   PMMRIE_H
0000012e   PMMRIE_L
0000caea   PWRVBUSoffHandler
0000ce3a   PWRVBUSonHandler
000082f6   Port_4
00000158   RCCTL0
00000159   RCCTL0_H
00000158   RCCTL0_L
000001b0   REFCTL0
000001b1   REFCTL0_H
000001b0   REFCTL0_L
000004e4   RES0
000004e5   RES0_H
000004e4   RES0_L
000004e6   RES1
000004e7   RES1_H
000004e6   RES1_L
000004e8   RES2
000004e9   RES2_H
000004e8   RES2_L
000004ea   RES3
000004eb   RES3_H
000004ea   RES3_L
000004cc   RESHI
000004cd   RESHI_H
000004cc   RESHI_L
000004ca   RESLO
000004cb   RESLO_H
000004ca   RESLO_L
000004ba   RTCADOWDAY
000004bb   RTCADOWDAY_H
000004ba   RTCADOWDAY_L
000004b8   RTCAMINHR
000004b9   RTCAMINHR_H
000004b8   RTCAMINHR_L
000004a0   RTCCTL01
000004a1   RTCCTL01_H
000004a0   RTCCTL01_L
000004a2   RTCCTL23
000004a3   RTCCTL23_H
000004a2   RTCCTL23_L
000004b4   RTCDATE
000004b5   RTCDATE_H
000004b4   RTCDATE_L
000004ae   RTCIV
000004ac   RTCPS
000004a8   RTCPS0CTL
000004a9   RTCPS0CTL_H
000004a8   RTCPS0CTL_L
000004aa   RTCPS1CTL
000004ab   RTCPS1CTL_H
000004aa   RTCPS1CTL_L
000004ad   RTCPS_H
000004ac   RTCPS_L
000004b0   RTCTIM0
000004b1   RTCTIM0_H
000004b0   RTCTIM0_L
000004b2   RTCTIM1
000004b3   RTCTIM1_H
000004b2   RTCTIM1_L
000004b6   RTCYEAR
000004b7   RTCYEAR_H
000004b6   RTCYEAR_L
00003978   RWbuf
00003b78   RWbuf_info
0000ea3e   Report_Luns
00003d24   RequestSenseResponse
0000c01e   Reset_RequestSenseResponse
0000d53a   SDCard_fastMode
0000c8ae   SDCard_init
0000cf48   SDCard_readFrame
0000d0a4   SDCard_sendFrame
0000d644   SDCard_setCSHigh
0000d64c   SDCard_setCSLow
00000100   SFRIE1
00000101   SFRIE1_H
00000100   SFRIE1_L
00000102   SFRIFG1
00000103   SFRIFG1_H
00000102   SFRIFG1_L
00000104   SFRRPCR
00000105   SFRRPCR_H
00000104   SFRRPCR_L
000004ce   SUMEXT
000004cf   SUMEXT_H
000004ce   SUMEXT_L
00000124   SVSMHCTL
00000125   SVSMHCTL_H
00000124   SVSMHCTL_L
00000128   SVSMIO
00000129   SVSMIO_H
00000128   SVSMIO_L
00000126   SVSMLCTL
00000127   SVSMLCTL_H
00000126   SVSMLCTL_L
00000198   SYSBERRIV
00000199   SYSBERRIV_H
00000198   SYSBERRIV_L
00000182   SYSBSLC
00000183   SYSBSLC_H
00000182   SYSBSLC_L
00000180   SYSCTL
00000181   SYSCTL_H
00000180   SYSCTL_L
00000186   SYSJMBC
00000187   SYSJMBC_H
00000186   SYSJMBC_L
00000188   SYSJMBI0
00000189   SYSJMBI0_H
00000188   SYSJMBI0_L
0000018a   SYSJMBI1
0000018b   SYSJMBI1_H
0000018a   SYSJMBI1_L
0000018c   SYSJMBO0
0000018d   SYSJMBO0_H
0000018c   SYSJMBO0_L
0000018e   SYSJMBO1
0000018f   SYSJMBO1_H
0000018e   SYSJMBO1_L
0000019e   SYSRSTIV
0000019f   SYSRSTIV_H
0000019e   SYSRSTIV_L
0000019c   SYSSNIV
0000019d   SYSSNIV_H
0000019c   SYSSNIV_L
0000019a   SYSUNIV
0000019b   SYSUNIV_H
0000019a   SYSUNIV_L
00003d50   Scsi_Mode_Sense_10
00003d4c   Scsi_Mode_Sense_6
00003d44   Scsi_Read_Capacity_10
00003d58   Scsi_Read_Format_Capacity
00003c24   Scsi_Standard_Inquiry_Data
0000cb32   SetupPacketInterruptHandler
00000352   TA0CCR0
00000354   TA0CCR1
00000356   TA0CCR2
00000358   TA0CCR3
0000035a   TA0CCR4
00000342   TA0CCTL0
00000344   TA0CCTL1
00000346   TA0CCTL2
00000348   TA0CCTL3
0000034a   TA0CCTL4
00000340   TA0CTL
00000360   TA0EX0
0000036e   TA0IV
00000350   TA0R
00000392   TA1CCR0
00000394   TA1CCR1
00000396   TA1CCR2
00000382   TA1CCTL0
00000384   TA1CCTL1
00000386   TA1CCTL2
00000380   TA1CTL
000003a0   TA1EX0
000003ae   TA1IV
00000390   TA1R
00000412   TA2CCR0
00000414   TA2CCR1
00000416   TA2CCR2
00000402   TA2CCTL0
00000404   TA2CCTL1
00000406   TA2CCTL2
00000400   TA2CTL
00000420   TA2EX0
0000042e   TA2IV
00000410   TA2R
000003d2   TB0CCR0
000003d4   TB0CCR1
000003d6   TB0CCR2
000003d8   TB0CCR3
000003da   TB0CCR4
000003dc   TB0CCR5
000003de   TB0CCR6
000003c2   TB0CCTL0
000003c4   TB0CCTL1
000003c6   TB0CCTL2
000003c8   TB0CCTL3
000003ca   TB0CCTL4
000003cc   TB0CCTL5
000003ce   TB0CCTL6
000003c0   TB0CTL
000003e0   TB0EX0
000003ee   TB0IV
000003d0   TB0R
000083ae   TIMER0_A0_ISR
000005d0   UCA0ABCTL
000005c6   UCA0BRW
000005c7   UCA0BRW_H
000005c6   UCA0BRW_L
000005c0   UCA0CTLW0
000005c1   UCA0CTLW0_H
000005c0   UCA0CTLW0_L
000005dc   UCA0ICTL
000005dd   UCA0ICTL_H
000005dc   UCA0ICTL_L
000005d2   UCA0IRCTL
000005d3   UCA0IRCTL_H
000005d2   UCA0IRCTL_L
000005de   UCA0IV
000005c8   UCA0MCTL
000005cc   UCA0RXBUF
000005ca   UCA0STAT
000005ce   UCA0TXBUF
00000610   UCA1ABCTL
00000606   UCA1BRW
00000607   UCA1BRW_H
00000606   UCA1BRW_L
00000600   UCA1CTLW0
00000601   UCA1CTLW0_H
00000600   UCA1CTLW0_L
0000061c   UCA1ICTL
0000061d   UCA1ICTL_H
0000061c   UCA1ICTL_L
00000612   UCA1IRCTL
00000613   UCA1IRCTL_H
00000612   UCA1IRCTL_L
0000061e   UCA1IV
00000608   UCA1MCTL
0000060c   UCA1RXBUF
0000060a   UCA1STAT
0000060e   UCA1TXBUF
000005e6   UCB0BRW
000005e7   UCB0BRW_H
000005e6   UCB0BRW_L
000005e0   UCB0CTLW0
000005e1   UCB0CTLW0_H
000005e0   UCB0CTLW0_L
000005f0   UCB0I2COA
000005f1   UCB0I2COA_H
000005f0   UCB0I2COA_L
000005f2   UCB0I2CSA
000005f3   UCB0I2CSA_H
000005f2   UCB0I2CSA_L
000005fc   UCB0ICTL
000005fd   UCB0ICTL_H
000005fc   UCB0ICTL_L
000005fe   UCB0IV
000005ec   UCB0RXBUF
000005ea   UCB0STAT
000005ee   UCB0TXBUF
00000626   UCB1BRW
00000627   UCB1BRW_H
00000626   UCB1BRW_L
00000620   UCB1CTLW0
00000621   UCB1CTLW0_H
00000620   UCB1CTLW0_L
00000630   UCB1I2COA
00000631   UCB1I2COA_H
00000630   UCB1I2COA_L
00000632   UCB1I2CSA
00000633   UCB1I2CSA_H
00000632   UCB1I2CSA_L
0000063c   UCB1ICTL
0000063d   UCB1ICTL_H
0000063c   UCB1ICTL_L
0000063e   UCB1IV
0000062c   UCB1RXBUF
0000062a   UCB1STAT
0000062e   UCB1TXBUF
00000160   UCSCTL0
00000161   UCSCTL0_H
00000160   UCSCTL0_L
00000162   UCSCTL1
00000163   UCSCTL1_H
00000162   UCSCTL1_L
00000164   UCSCTL2
00000165   UCSCTL2_H
00000164   UCSCTL2_L
00000166   UCSCTL3
00000167   UCSCTL3_H
00000166   UCSCTL3_L
00000168   UCSCTL4
00000169   UCSCTL4_H
00000168   UCSCTL4_L
0000016a   UCSCTL5
0000016b   UCSCTL5_H
0000016a   UCSCTL5_L
0000016c   UCSCTL6
0000016d   UCSCTL6_H
0000016c   UCSCTL6_L
0000016e   UCSCTL7
0000016f   UCSCTL7_H
0000016e   UCSCTL7_L
00000170   UCSCTL8
00000171   UCSCTL8_H
00000170   UCSCTL8_L
00000902   USBCNF
00000903   USBCNF_H
00000902   USBCNF_L
0000093c   USBCTL
0000093a   USBFN
0000093b   USBFN_H
0000093a   USBFN_L
0000093f   USBFUNADR
0000093d   USBIE
00002378   USBIEP0BUF
000023c9   USBIEPBBAX_1
000023d1   USBIEPBBAX_2
000023d9   USBIEPBBAX_3
000023e1   USBIEPBBAX_4
000023e9   USBIEPBBAX_5
000023f1   USBIEPBBAX_6
000023f9   USBIEPBBAX_7
000023cd   USBIEPBBAY_1
000023d5   USBIEPBBAY_2
000023dd   USBIEPBBAY_3
000023e5   USBIEPBBAY_4
000023ed   USBIEPBBAY_5
000023f5   USBIEPBBAY_6
000023fd   USBIEPBBAY_7
000023ca   USBIEPBCTX_1
000023d2   USBIEPBCTX_2
000023da   USBIEPBCTX_3
000023e2   USBIEPBCTX_4
000023ea   USBIEPBCTX_5
000023f2   USBIEPBCTX_6
000023fa   USBIEPBCTX_7
000023ce   USBIEPBCTY_1
000023d6   USBIEPBCTY_2
000023de   USBIEPBCTY_3
000023e6   USBIEPBCTY_4
000023ee   USBIEPBCTY_5
000023f6   USBIEPBCTY_6
000023fe   USBIEPBCTY_7
00000920   USBIEPCNF_0
000023c8   USBIEPCNF_1
000023d0   USBIEPCNF_2
000023d8   USBIEPCNF_3
000023e0   USBIEPCNF_4
000023e8   USBIEPCNF_5
000023f0   USBIEPCNF_6
000023f8   USBIEPCNF_7
00000921   USBIEPCNT_0
0000092e   USBIEPIE
00000930   USBIEPIFG
000023cf   USBIEPSIZXY_1
000023d7   USBIEPSIZXY_2
000023df   USBIEPSIZXY_3
000023e7   USBIEPSIZXY_4
000023ef   USBIEPSIZXY_5
000023f7   USBIEPSIZXY_6
000023ff   USBIEPSIZXY_7
0000093e   USBIFG
00000900   USBKEYID
00000901   USBKEYID_H
00000900   USBKEYID_L
00000936   USBMAINT
00000937   USBMAINT_H
00000936   USBMAINT_L
00003958   USBMSC_config
0000d68e   USBMSC_handleBufferEvent
0000cf7c   USBMSC_reset
00002370   USBOEP0BUF
00002389   USBOEPBBAX_1
00002391   USBOEPBBAX_2
00002399   USBOEPBBAX_3
000023a1   USBOEPBBAX_4
000023a9   USBOEPBBAX_5
000023b1   USBOEPBBAX_6
000023b9   USBOEPBBAX_7
0000238d   USBOEPBBAY_1
00002395   USBOEPBBAY_2
0000239d   USBOEPBBAY_3
000023a5   USBOEPBBAY_4
000023ad   USBOEPBBAY_5
000023b5   USBOEPBBAY_6
000023bd   USBOEPBBAY_7
0000238a   USBOEPBCTX_1
00002392   USBOEPBCTX_2
0000239a   USBOEPBCTX_3
000023a2   USBOEPBCTX_4
000023aa   USBOEPBCTX_5
000023b2   USBOEPBCTX_6
000023ba   USBOEPBCTX_7
0000238e   USBOEPBCTY_1
00002396   USBOEPBCTY_2
0000239e   USBOEPBCTY_3
000023a6   USBOEPBCTY_4
000023ae   USBOEPBCTY_5
000023b6   USBOEPBCTY_6
000023be   USBOEPBCTY_7
00000922   USBOEPCNF_0
00002388   USBOEPCNF_1
00002390   USBOEPCNF_2
00002398   USBOEPCNF_3
000023a0   USBOEPCNF_4
000023a8   USBOEPCNF_5
000023b0   USBOEPCNF_6
000023b8   USBOEPCNF_7
00000923   USBOEPCNT_0
0000092f   USBOEPIE
00000931   USBOEPIFG
0000238f   USBOEPSIZXY_1
00002397   USBOEPSIZXY_2
0000239f   USBOEPSIZXY_3
000023a7   USBOEPSIZXY_4
000023af   USBOEPSIZXY_5
000023b7   USBOEPSIZXY_6
000023bf   USBOEPSIZXY_7
00000904   USBPHYCTL
00000905   USBPHYCTL_H
00000904   USBPHYCTL_L
00000910   USBPLLCTL
00000911   USBPLLCTL_H
00000910   USBPLLCTL_L
00000912   USBPLLDIVB
00000913   USBPLLDIVB_H
00000912   USBPLLDIVB_L
00000914   USBPLLIR
00000915   USBPLLIR_H
00000914   USBPLLIR_L
00000908   USBPWRCTL
00000909   USBPWRCTL_H
00000908   USBPWRCTL_L
00001c00   USBSTABUFF
00002380   USBSUBLK
0000236f   USBTOPBUFF
00000938   USBTSREG
00000939   USBTSREG_H
00000938   USBTSREG_L
00000932   USBVECINT
00000933   USBVECINT_H
00000932   USBVECINT_L
00003e04   USB_RX_memcpy
00003e00   USB_TX_memcpy
0000d39a   USB_connect
0000bf94   USB_enable
0000d692   USB_handleClockEvent
0000d696   USB_handleEnumCompleteEvent
0000d69a   USB_handleResetEvent
0000d69e   USB_handleResumeEvent
0000d6a2   USB_handleSuspendEvent
0000d6a6   USB_handleVbusOffEvent
0000d49a   USB_handleVbusOnEvent
0000abd6   USB_reset
0000d3b4   USB_resume
0000d0d0   USB_suspend
00008000   USCI_A1_ISR
00003dfe   VERSION
0000015c   WDTCTL
0000015d   WDTCTL_H
0000015c   WDTCTL_L
0000d046   XT2_Start
00006400   __STACK_END
00000400   __STACK_SIZE
00000001   __TI_args_main
00000001   __TI_auto_init
00003e10   __TI_cleanup_ptr
00003e14   __TI_dtors_ptr
00000001   __TI_exit
0000ffca   __TI_int37
0000ffd0   __TI_int40
0000ffdc   __TI_int46
0000ffe6   __TI_int51
0000ffea   __TI_int53
0000a02c   __TI_printfi_nofloat
ffffffff   __binit__
00002400   __bss__
ffffffff   __c_args__
000083b6   __cinit__
0000d442   __divu
0000c7fe   __divul
000092ce   __divull
00003e1f   __end__
ffffffff   __etext__
0000be78   __fs_div
0000cea6   __fs_itof
0000c620   __fs_toi
0000cc94   __lslll
0000ccd2   __lsrll
0000d458   __mpyi_f5hw
0000d20a   __mpyl_f5hw
0000c74a   __mpyll_f5hw
ffffffff   __pinit__
0000d442   __remu
0000c7fe   __remul
ffffffff   __text__
0000cb7a   _auto_init
00008384   _c_int00
00008384   _c_int00_noexit
0000e6c4   _ctypes_
00003e08   _lock
0000d6b2   _nop
0000fffe   _reset_vector
00006000   _stack
0000d6aa   _system_pre_init
00003e0c   _unlock
00002378   abIEP0Buffer
00002370   abOEP0Buffer
00003dce   abUsbRequestIncomingData
00003dc6   abUsbRequestReturnData
0000d6ae   abort
00003dd6   abramSerialStringDescriptor
0000e9e4   abromConfigurationDescriptorGroup
0000ea1c   abromDeviceDescriptor
0000e8c2   abromStringDescriptor
0000c95a   atoi
0000825c   audioTimerInterrupt
0000cfb0   audio_CheckRIFFHeader
0000c5b8   audio_CheckWavFmt
0000bc2c   audio_Decode
0000d17c   audio_DecoderReset
0000c2a6   audio_DecoderStatus
0000d654   audio_OutputShutDown
0000d65c   audio_OutputTurnOn
0000ae34   audio_ReadHeader
0000d66a   audio_SetOutput
0000d582   audio_SetWavStream
00003d7e   audio_riff_header
00003d8a   audio_wav_fmt
00003d64   audio_wav_status
00003dfa   bEnumerationStatus
00003df9   bFunctionSuspended
00003df8   bStatusAction
ffffffff   binit
000025a2   buffer
0000ce70   changefre
000083b6   cinit
0000cd10   clust2sect
00003d9c   curChunkHeader
00003d78   curSampFreq
00003d7c   curVolume
000037dc   dir
0000a95e   disk_initialize
0000b364   disk_ioctl
0000bcc2   disk_read
0000d270   disk_status
0000b6d8   disk_write
0000382e   display
00003e1f   end
ffffffff   etext
0000c1ae   etft_AreaSet
0000b794   etft_DisplayString
0000d4c2   f_close
0000d076   f_mount
00009c3e   f_open
0000ba4e   f_opendir
00009e4c   f_read
0000c688   f_readdir
0000b9a6   f_sync
000035ae   fatfs
00003858   fbuf
00003808   fil
000037f2   fno
00002402   fre
00002400   free
0000ad06   get_fat
0000d626   get_fattime
0000814e   iUsbInterruptHandler
0000d128   ini_myaudio
0000c904   initAudio
0000c476   initClock
0000d42c   initQueue
0000845e   initTFT
0000d348   interrupt_key
0000259c   j
0000382c   lastSec
0000965c   main
00003b7a   mediaInfo
0000d364   memccpy
0000d1e8   memcmp
0000d570   memcpy
0000d4ea   memset
00001c00   pbXBufferAddressEp1
00001d00   pbXBufferAddressEp2
00001e00   pbXBufferAddressEp3
00001f00   pbXBufferAddressEp4
00002000   pbXBufferAddressEp5
00002100   pbXBufferAddressEp6
00002200   pbXBufferAddressEp7
00001c80   pbXBufferAddressEp81
00001d80   pbXBufferAddressEp82
00001e80   pbXBufferAddressEp83
00001f80   pbXBufferAddressEp84
00002080   pbXBufferAddressEp85
00002180   pbXBufferAddressEp86
00002280   pbXBufferAddressEp87
00001c40   pbYBufferAddressEp1
00001d40   pbYBufferAddressEp2
00001e40   pbYBufferAddressEp3
00001f40   pbYBufferAddressEp4
00002040   pbYBufferAddressEp5
00002140   pbYBufferAddressEp6
00002240   pbYBufferAddressEp7
00001cc0   pbYBufferAddressEp81
00001dc0   pbYBufferAddressEp82
00001ec0   pbYBufferAddressEp83
00001fc0   pbYBufferAddressEp84
000020c0   pbYBufferAddressEp85
000021c0   pbYBufferAddressEp86
000022c0   pbYBufferAddressEp87
ffffffff   pinit
000025a0   playpoint
0000a51a   put_fat
0000d61a   queue_CanRead
0000d670   queue_CanWrite
0000c31e   queue_Read
0000ca9e   queue_ThrowData
0000c404   queue_Write
000035ac   rc
00002596   rcc
00003bc2   sRwbuf
0000cedc   scomm_ini
00002594   sin_data_pr
00002404   sin_table
0000382a   size
0000cdca   sprintf
0000ea4e   stUsbHandle
0000259e   state
0000d5d2   strcpy
0000d5e2   strlen
0000cf12   strstr
0000d22c   strupr
00000920   tEndPoint0DescriptorBlock
000023c8   tInputEndPointDescriptorBlock
00002388   tOutputEndPointDescriptorBlock
00002380   tSetupPacket
0000e7c6   tUsbRequestList
0000d290   tft_AddTxData
0000d5f0   tft_SendCmd
0000d4fe   tft_SendData
0000d512   tft_SendIndex
0000d6b4   tft_ascii
00002598   timing
0000259a   ttmp
0000d3fc   usbClearDeviceFeature
0000c22a   usbClearEndpointFeature
0000d67c   usbClearOEP0ByteCount
0000bd56   usbDecodeAndProcessUsbRequest
0000d526   usbGetConfiguration
0000d46e   usbGetConfigurationDescriptor
0000d484   usbGetDeviceDescriptor
0000d152   usbGetDeviceStatus
0000bf06   usbGetEndpointStatus
0000d2f0   usbGetInterface
0000d30e   usbGetInterfaceStatus
0000cc0a   usbGetStringDescriptor
0000d5fe   usbInvalidRequest
0000ca02   usbReceiveNextPacketOnOEP0
0000d24e   usbSendDataPacketOnEP0
0000c4e4   usbSendNextPacketOnIEP0
0000d60c   usbSendZeroLengthPacketOnIEP0
0000d2b0   usbSetAddress
0000d2d0   usbSetConfiguration
0000d414   usbSetDeviceFeature
0000cbc2   usbSetEndpointFeature
0000cfe4   usbSetInterface
0000d63a   usbStallEndpoint0
0000d682   usbStallOEP0
00003dbc   wBytesRemainingOnIEP0
00003dbe   wBytesRemainingOnOEP0
00003dfc   wUsbEventMask
000035a2   wav_stream
00003828   wavsize


GLOBAL SYMBOLS: SORTED BY Symbol Address 

address    name
--------   ----
00000001   __TI_args_main
00000001   __TI_auto_init
00000001   __TI_exit
00000100   SFRIE1
00000100   SFRIE1_L
00000101   SFRIE1_H
00000102   SFRIFG1
00000102   SFRIFG1_L
00000103   SFRIFG1_H
00000104   SFRRPCR
00000104   SFRRPCR_L
00000105   SFRRPCR_H
00000120   PMMCTL0
00000120   PMMCTL0_L
00000121   PMMCTL0_H
00000122   PMMCTL1
00000122   PMMCTL1_L
00000123   PMMCTL1_H
00000124   SVSMHCTL
00000124   SVSMHCTL_L
00000125   SVSMHCTL_H
00000126   SVSMLCTL
00000126   SVSMLCTL_L
00000127   SVSMLCTL_H
00000128   SVSMIO
00000128   SVSMIO_L
00000129   SVSMIO_H
0000012c   PMMIFG
0000012c   PMMIFG_L
0000012d   PMMIFG_H
0000012e   PMMRIE
0000012e   PMMRIE_L
0000012f   PMMRIE_H
00000130   PM5CTL0
00000130   PM5CTL0_L
00000131   PM5CTL0_H
00000140   FCTL1
00000140   FCTL1_L
00000141   FCTL1_H
00000144   FCTL3
00000144   FCTL3_L
00000145   FCTL3_H
00000146   FCTL4
00000146   FCTL4_L
00000147   FCTL4_H
00000150   CRCDI
00000150   CRCDI_L
00000151   CRCDI_H
00000152   CRCDIRB
00000152   CRCDIRB_L
00000153   CRCDIRB_H
00000154   CRCINIRES
00000154   CRCINIRES_L
00000155   CRCINIRES_H
00000156   CRCRESR
00000156   CRCRESR_L
00000157   CRCRESR_H
00000158   RCCTL0
00000158   RCCTL0_L
00000159   RCCTL0_H
0000015c   WDTCTL
0000015c   WDTCTL_L
0000015d   WDTCTL_H
00000160   UCSCTL0
00000160   UCSCTL0_L
00000161   UCSCTL0_H
00000162   UCSCTL1
00000162   UCSCTL1_L
00000163   UCSCTL1_H
00000164   UCSCTL2
00000164   UCSCTL2_L
00000165   UCSCTL2_H
00000166   UCSCTL3
00000166   UCSCTL3_L
00000167   UCSCTL3_H
00000168   UCSCTL4
00000168   UCSCTL4_L
00000169   UCSCTL4_H
0000016a   UCSCTL5
0000016a   UCSCTL5_L
0000016b   UCSCTL5_H
0000016c   UCSCTL6
0000016c   UCSCTL6_L
0000016d   UCSCTL6_H
0000016e   UCSCTL7
0000016e   UCSCTL7_L
0000016f   UCSCTL7_H
00000170   UCSCTL8
00000170   UCSCTL8_L
00000171   UCSCTL8_H
00000180   SYSCTL
00000180   SYSCTL_L
00000181   SYSCTL_H
00000182   SYSBSLC
00000182   SYSBSLC_L
00000183   SYSBSLC_H
00000186   SYSJMBC
00000186   SYSJMBC_L
00000187   SYSJMBC_H
00000188   SYSJMBI0
00000188   SYSJMBI0_L
00000189   SYSJMBI0_H
0000018a   SYSJMBI1
0000018a   SYSJMBI1_L
0000018b   SYSJMBI1_H
0000018c   SYSJMBO0
0000018c   SYSJMBO0_L
0000018d   SYSJMBO0_H
0000018e   SYSJMBO1
0000018e   SYSJMBO1_L
0000018f   SYSJMBO1_H
00000198   SYSBERRIV
00000198   SYSBERRIV_L
00000199   SYSBERRIV_H
0000019a   SYSUNIV
0000019a   SYSUNIV_L
0000019b   SYSUNIV_H
0000019c   SYSSNIV
0000019c   SYSSNIV_L
0000019d   SYSSNIV_H
0000019e   SYSRSTIV
0000019e   SYSRSTIV_L
0000019f   SYSRSTIV_H
000001b0   REFCTL0
000001b0   REFCTL0_L
000001b1   REFCTL0_H
000001c0   PMAPKEYID
000001c0   PMAPKEYID_L
000001c1   PMAPKEYID_H
000001c2   PMAPCTL
000001c2   PMAPCTL_L
000001c3   PMAPCTL_H
000001d0   P2MAP01
000001d0   P2MAP01_L
000001d1   P2MAP01_H
000001d2   P2MAP23
000001d2   P2MAP23_L
000001d3   P2MAP23_H
000001d4   P2MAP45
000001d4   P2MAP45_L
000001d5   P2MAP45_H
000001d6   P2MAP67
000001d6   P2MAP67_L
000001d7   P2MAP67_H
00000200   PAIN
00000200   PAIN_L
00000201   PAIN_H
00000202   PAOUT
00000202   PAOUT_L
00000203   PAOUT_H
00000204   PADIR
00000204   PADIR_L
00000205   PADIR_H
00000206   PAREN
00000206   PAREN_L
00000207   PAREN_H
00000208   PADS
00000208   PADS_L
00000209   PADS_H
0000020a   PASEL
0000020a   PASEL_L
0000020b   PASEL_H
0000020e   P1IV
00000218   PAIES
00000218   PAIES_L
00000219   PAIES_H
0000021a   PAIE
0000021a   PAIE_L
0000021b   PAIE_H
0000021c   PAIFG
0000021c   PAIFG_L
0000021d   PAIFG_H
0000021e   P2IV
00000220   PBIN
00000220   PBIN_L
00000221   PBIN_H
00000222   PBOUT
00000222   PBOUT_L
00000223   PBOUT_H
00000224   PBDIR
00000224   PBDIR_L
00000225   PBDIR_H
00000226   PBREN
00000226   PBREN_L
00000227   PBREN_H
00000228   PBDS
00000228   PBDS_L
00000229   PBDS_H
0000022a   PBSEL
0000022a   PBSEL_L
0000022b   PBSEL_H
0000022e   P3IV
00000238   PBIES
00000238   PBIES_L
00000239   PBIES_H
0000023a   PBIE
0000023a   PBIE_L
0000023b   PBIE_H
0000023c   PBIFG
0000023c   PBIFG_L
0000023d   PBIFG_H
0000023e   P4IV
00000240   PCIN
00000240   PCIN_L
00000241   PCIN_H
00000242   PCOUT
00000242   PCOUT_L
00000243   PCOUT_H
00000244   PCDIR
00000244   PCDIR_L
00000245   PCDIR_H
00000246   PCREN
00000246   PCREN_L
00000247   PCREN_H
00000248   PCDS
00000248   PCDS_L
00000249   PCDS_H
0000024a   PCSEL
0000024a   PCSEL_L
0000024b   PCSEL_H
00000260   PDIN
00000260   PDIN_L
00000261   PDIN_H
00000262   PDOUT
00000262   PDOUT_L
00000263   PDOUT_H
00000264   PDDIR
00000264   PDDIR_L
00000265   PDDIR_H
00000266   PDREN
00000266   PDREN_L
00000267   PDREN_H
00000268   PDDS
00000268   PDDS_L
00000269   PDDS_H
0000026a   PDSEL
0000026a   PDSEL_L
0000026b   PDSEL_H
00000280   PEIN
00000280   PEIN_L
00000281   PEIN_H
00000282   PEOUT
00000282   PEOUT_L
00000283   PEOUT_H
00000284   PEDIR
00000284   PEDIR_L
00000285   PEDIR_H
00000286   PEREN
00000286   PEREN_L
00000287   PEREN_H
00000288   PEDS
00000288   PEDS_L
00000289   PEDS_H
0000028a   PESEL
0000028a   PESEL_L
0000028b   PESEL_H
00000320   PJIN
00000320   PJIN_L
00000321   PJIN_H
00000322   PJOUT
00000322   PJOUT_L
00000323   PJOUT_H
00000324   PJDIR
00000324   PJDIR_L
00000325   PJDIR_H
00000326   PJREN
00000326   PJREN_L
00000327   PJREN_H
00000328   PJDS
00000328   PJDS_L
00000329   PJDS_H
00000340   TA0CTL
00000342   TA0CCTL0
00000344   TA0CCTL1
00000346   TA0CCTL2
00000348   TA0CCTL3
0000034a   TA0CCTL4
00000350   TA0R
00000352   TA0CCR0
00000354   TA0CCR1
00000356   TA0CCR2
00000358   TA0CCR3
0000035a   TA0CCR4
00000360   TA0EX0
0000036e   TA0IV
00000380   TA1CTL
00000382   TA1CCTL0
00000384   TA1CCTL1
00000386   TA1CCTL2
00000390   TA1R
00000392   TA1CCR0
00000394   TA1CCR1
00000396   TA1CCR2
000003a0   TA1EX0
000003ae   TA1IV
000003c0   TB0CTL
000003c2   TB0CCTL0
000003c4   TB0CCTL1
000003c6   TB0CCTL2
000003c8   TB0CCTL3
000003ca   TB0CCTL4
000003cc   TB0CCTL5
000003ce   TB0CCTL6
000003d0   TB0R
000003d2   TB0CCR0
000003d4   TB0CCR1
000003d6   TB0CCR2
000003d8   TB0CCR3
000003da   TB0CCR4
000003dc   TB0CCR5
000003de   TB0CCR6
000003e0   TB0EX0
000003ee   TB0IV
00000400   TA2CTL
00000400   __STACK_SIZE
00000402   TA2CCTL0
00000404   TA2CCTL1
00000406   TA2CCTL2
00000410   TA2R
00000412   TA2CCR0
00000414   TA2CCR1
00000416   TA2CCR2
00000420   TA2EX0
0000042e   TA2IV
00000480   BAKMEM0
00000480   BAKMEM0_L
00000481   BAKMEM0_H
00000482   BAKMEM1
00000482   BAKMEM1_L
00000483   BAKMEM1_H
00000484   BAKMEM2
00000484   BAKMEM2_L
00000485   BAKMEM2_H
00000486   BAKMEM3
00000486   BAKMEM3_L
00000487   BAKMEM3_H
0000049c   BAKCTL
0000049c   BAKCTL_L
0000049d   BAKCTL_H
0000049e   BAKCHCTL
0000049e   BAKCHCTL_L
0000049f   BAKCHCTL_H
000004a0   RTCCTL01
000004a0   RTCCTL01_L
000004a1   RTCCTL01_H
000004a2   RTCCTL23
000004a2   RTCCTL23_L
000004a3   RTCCTL23_H
000004a8   RTCPS0CTL
000004a8   RTCPS0CTL_L
000004a9   RTCPS0CTL_H
000004aa   RTCPS1CTL
000004aa   RTCPS1CTL_L
000004ab   RTCPS1CTL_H
000004ac   RTCPS
000004ac   RTCPS_L
000004ad   RTCPS_H
000004ae   RTCIV
000004b0   RTCTIM0
000004b0   RTCTIM0_L
000004b1   RTCTIM0_H
000004b2   RTCTIM1
000004b2   RTCTIM1_L
000004b3   RTCTIM1_H
000004b4   RTCDATE
000004b4   RTCDATE_L
000004b5   RTCDATE_H
000004b6   RTCYEAR
000004b6   RTCYEAR_L
000004b7   RTCYEAR_H
000004b8   RTCAMINHR
000004b8   RTCAMINHR_L
000004b9   RTCAMINHR_H
000004ba   RTCADOWDAY
000004ba   RTCADOWDAY_L
000004bb   RTCADOWDAY_H
000004bc   BIN2BCD
000004be   BCD2BIN
000004c0   MPY
000004c0   MPY_L
000004c1   MPY_H
000004c2   MPYS
000004c2   MPYS_L
000004c3   MPYS_H
000004c4   MAC
000004c4   MAC_L
000004c5   MAC_H
000004c6   MACS
000004c6   MACS_L
000004c7   MACS_H
000004c8   OP2
000004c8   OP2_L
000004c9   OP2_H
000004ca   RESLO
000004ca   RESLO_L
000004cb   RESLO_H
000004cc   RESHI
000004cc   RESHI_L
000004cd   RESHI_H
000004ce   SUMEXT
000004ce   SUMEXT_L
000004cf   SUMEXT_H
000004d0   MPY32L
000004d0   MPY32L_L
000004d1   MPY32L_H
000004d2   MPY32H
000004d2   MPY32H_L
000004d3   MPY32H_H
000004d4   MPYS32L
000004d4   MPYS32L_L
000004d5   MPYS32L_H
000004d6   MPYS32H
000004d6   MPYS32H_L
000004d7   MPYS32H_H
000004d8   MAC32L
000004d8   MAC32L_L
000004d9   MAC32L_H
000004da   MAC32H
000004da   MAC32H_L
000004db   MAC32H_H
000004dc   MACS32L
000004dc   MACS32L_L
000004dd   MACS32L_H
000004de   MACS32H
000004de   MACS32H_L
000004df   MACS32H_H
000004e0   OP2L
000004e0   OP2L_L
000004e1   OP2L_H
000004e2   OP2H
000004e2   OP2H_L
000004e3   OP2H_H
000004e4   RES0
000004e4   RES0_L
000004e5   RES0_H
000004e6   RES1
000004e6   RES1_L
000004e7   RES1_H
000004e8   RES2
000004e8   RES2_L
000004e9   RES2_H
000004ea   RES3
000004ea   RES3_L
000004eb   RES3_H
000004ec   MPY32CTL0
000004ec   MPY32CTL0_L
000004ed   MPY32CTL0_H
00000500   DMACTL0
00000500   DMACTL0_L
00000501   DMACTL0_H
00000502   DMACTL1
00000502   DMACTL1_L
00000503   DMACTL1_H
00000504   DMACTL2
00000504   DMACTL2_L
00000505   DMACTL2_H
00000506   DMACTL3
00000506   DMACTL3_L
00000507   DMACTL3_H
00000508   DMACTL4
00000508   DMACTL4_L
00000509   DMACTL4_H
0000050e   DMAIV
0000050e   DMAIV_L
0000050f   DMAIV_H
00000510   DMA0CTL
00000510   DMA0CTL_L
00000511   DMA0CTL_H
00000512   DMA0SA
00000512   DMA0SAL
00000516   DMA0DA
00000516   DMA0DAL
0000051a   DMA0SZ
00000520   DMA1CTL
00000520   DMA1CTL_L
00000521   DMA1CTL_H
00000522   DMA1SA
00000522   DMA1SAL
00000526   DMA1DA
00000526   DMA1DAL
0000052a   DMA1SZ
00000530   DMA2CTL
00000530   DMA2CTL_L
00000531   DMA2CTL_H
00000532   DMA2SA
00000532   DMA2SAL
00000536   DMA2DA
00000536   DMA2DAL
0000053a   DMA2SZ
00000540   DMA3CTL
00000540   DMA3CTL_L
00000541   DMA3CTL_H
00000542   DMA3SA
00000542   DMA3SAL
00000546   DMA3DA
00000546   DMA3DAL
0000054a   DMA3SZ
00000550   DMA4CTL
00000550   DMA4CTL_L
00000551   DMA4CTL_H
00000552   DMA4SA
00000552   DMA4SAL
00000556   DMA4DA
00000556   DMA4DAL
0000055a   DMA4SZ
00000560   DMA5CTL
00000560   DMA5CTL_L
00000561   DMA5CTL_H
00000562   DMA5SA
00000562   DMA5SAL
00000566   DMA5DA
00000566   DMA5DAL
0000056a   DMA5SZ
000005c0   UCA0CTLW0
000005c0   UCA0CTLW0_L
000005c1   UCA0CTLW0_H
000005c6   UCA0BRW
000005c6   UCA0BRW_L
000005c7   UCA0BRW_H
000005c8   UCA0MCTL
000005ca   UCA0STAT
000005cc   UCA0RXBUF
000005ce   UCA0TXBUF
000005d0   UCA0ABCTL
000005d2   UCA0IRCTL
000005d2   UCA0IRCTL_L
000005d3   UCA0IRCTL_H
000005dc   UCA0ICTL
000005dc   UCA0ICTL_L
000005dd   UCA0ICTL_H
000005de   UCA0IV
000005e0   UCB0CTLW0
000005e0   UCB0CTLW0_L
000005e1   UCB0CTLW0_H
000005e6   UCB0BRW
000005e6   UCB0BRW_L
000005e7   UCB0BRW_H
000005ea   UCB0STAT
000005ec   UCB0RXBUF
000005ee   UCB0TXBUF
000005f0   UCB0I2COA
000005f0   UCB0I2COA_L
000005f1   UCB0I2COA_H
000005f2   UCB0I2CSA
000005f2   UCB0I2CSA_L
000005f3   UCB0I2CSA_H
000005fc   UCB0ICTL
000005fc   UCB0ICTL_L
000005fd   UCB0ICTL_H
000005fe   UCB0IV
00000600   UCA1CTLW0
00000600   UCA1CTLW0_L
00000601   UCA1CTLW0_H
00000606   UCA1BRW
00000606   UCA1BRW_L
00000607   UCA1BRW_H
00000608   UCA1MCTL
0000060a   UCA1STAT
0000060c   UCA1RXBUF
0000060e   UCA1TXBUF
00000610   UCA1ABCTL
00000612   UCA1IRCTL
00000612   UCA1IRCTL_L
00000613   UCA1IRCTL_H
0000061c   UCA1ICTL
0000061c   UCA1ICTL_L
0000061d   UCA1ICTL_H
0000061e   UCA1IV
00000620   UCB1CTLW0
00000620   UCB1CTLW0_L
00000621   UCB1CTLW0_H
00000626   UCB1BRW
00000626   UCB1BRW_L
00000627   UCB1BRW_H
0000062a   UCB1STAT
0000062c   UCB1RXBUF
0000062e   UCB1TXBUF
00000630   UCB1I2COA
00000630   UCB1I2COA_L
00000631   UCB1I2COA_H
00000632   UCB1I2CSA
00000632   UCB1I2CSA_L
00000633   UCB1I2CSA_H
0000063c   UCB1ICTL
0000063c   UCB1ICTL_L
0000063d   UCB1ICTL_H
0000063e   UCB1IV
00000700   ADC12CTL0
00000700   ADC12CTL0_L
00000701   ADC12CTL0_H
00000702   ADC12CTL1
00000702   ADC12CTL1_L
00000703   ADC12CTL1_H
00000704   ADC12CTL2
00000704   ADC12CTL2_L
00000705   ADC12CTL2_H
0000070a   ADC12IFG
0000070a   ADC12IFG_L
0000070b   ADC12IFG_H
0000070c   ADC12IE
0000070c   ADC12IE_L
0000070d   ADC12IE_H
0000070e   ADC12IV
0000070e   ADC12IV_L
0000070f   ADC12IV_H
00000710   ADC12MCTL0
00000711   ADC12MCTL1
00000712   ADC12MCTL2
00000713   ADC12MCTL3
00000714   ADC12MCTL4
00000715   ADC12MCTL5
00000716   ADC12MCTL6
00000717   ADC12MCTL7
00000718   ADC12MCTL8
00000719   ADC12MCTL9
0000071a   ADC12MCTL10
0000071b   ADC12MCTL11
0000071c   ADC12MCTL12
0000071d   ADC12MCTL13
0000071e   ADC12MCTL14
0000071f   ADC12MCTL15
00000720   ADC12MEM0
00000720   ADC12MEM0_L
00000721   ADC12MEM0_H
00000722   ADC12MEM1
00000722   ADC12MEM1_L
00000723   ADC12MEM1_H
00000724   ADC12MEM2
00000724   ADC12MEM2_L
00000725   ADC12MEM2_H
00000726   ADC12MEM3
00000726   ADC12MEM3_L
00000727   ADC12MEM3_H
00000728   ADC12MEM4
00000728   ADC12MEM4_L
00000729   ADC12MEM4_H
0000072a   ADC12MEM5
0000072a   ADC12MEM5_L
0000072b   ADC12MEM5_H
0000072c   ADC12MEM6
0000072c   ADC12MEM6_L
0000072d   ADC12MEM6_H
0000072e   ADC12MEM7
0000072e   ADC12MEM7_L
0000072f   ADC12MEM7_H
00000730   ADC12MEM8
00000730   ADC12MEM8_L
00000731   ADC12MEM8_H
00000732   ADC12MEM9
00000732   ADC12MEM9_L
00000733   ADC12MEM9_H
00000734   ADC12MEM10
00000734   ADC12MEM10_L
00000735   ADC12MEM10_H
00000736   ADC12MEM11
00000736   ADC12MEM11_L
00000737   ADC12MEM11_H
00000738   ADC12MEM12
00000738   ADC12MEM12_L
00000739   ADC12MEM12_H
0000073a   ADC12MEM13
0000073a   ADC12MEM13_L
0000073b   ADC12MEM13_H
0000073c   ADC12MEM14
0000073c   ADC12MEM14_L
0000073d   ADC12MEM14_H
0000073e   ADC12MEM15
0000073e   ADC12MEM15_L
0000073f   ADC12MEM15_H
00000780   DAC12_0CTL0
00000782   DAC12_0CTL1
00000784   DAC12_0DAT
00000786   DAC12_0CALCTL
00000788   DAC12_0CALDAT
00000790   DAC12_1CTL0
00000792   DAC12_1CTL1
00000794   DAC12_1DAT
00000796   DAC12_1CALCTL
00000798   DAC12_1CALDAT
0000079e   DAC12_IV
000008c0   CBCTL0
000008c0   CBCTL0_L
000008c1   CBCTL0_H
000008c2   CBCTL1
000008c2   CBCTL1_L
000008c3   CBCTL1_H
000008c4   CBCTL2
000008c4   CBCTL2_L
000008c5   CBCTL2_H
000008c6   CBCTL3
000008c6   CBCTL3_L
000008c7   CBCTL3_H
000008cc   CBINT
000008cc   CBINT_L
000008cd   CBINT_H
000008ce   CBIV
00000900   USBKEYID
00000900   USBKEYID_L
00000901   USBKEYID_H
00000902   USBCNF
00000902   USBCNF_L
00000903   USBCNF_H
00000904   USBPHYCTL
00000904   USBPHYCTL_L
00000905   USBPHYCTL_H
00000908   USBPWRCTL
00000908   USBPWRCTL_L
00000909   USBPWRCTL_H
00000910   USBPLLCTL
00000910   USBPLLCTL_L
00000911   USBPLLCTL_H
00000912   USBPLLDIVB
00000912   USBPLLDIVB_L
00000913   USBPLLDIVB_H
00000914   USBPLLIR
00000914   USBPLLIR_L
00000915   USBPLLIR_H
00000920   USBIEPCNF_0
00000920   tEndPoint0DescriptorBlock
00000921   USBIEPCNT_0
00000922   USBOEPCNF_0
00000923   USBOEPCNT_0
0000092e   USBIEPIE
0000092f   USBOEPIE
00000930   USBIEPIFG
00000931   USBOEPIFG
00000932   USBVECINT
00000932   USBVECINT_L
00000933   USBVECINT_H
00000936   USBMAINT
00000936   USBMAINT_L
00000937   USBMAINT_H
00000938   USBTSREG
00000938   USBTSREG_L
00000939   USBTSREG_H
0000093a   USBFN
0000093a   USBFN_L
0000093b   USBFN_H
0000093c   USBCTL
0000093d   USBIE
0000093e   USBIFG
0000093f   USBFUNADR
00000a00   LCDBCTL0
00000a00   LCDBCTL0_L
00000a01   LCDBCTL0_H
00000a02   LCDBCTL1
00000a02   LCDBCTL1_L
00000a03   LCDBCTL1_H
00000a04   LCDBBLKCTL
00000a04   LCDBBLKCTL_L
00000a05   LCDBBLKCTL_H
00000a06   LCDBMEMCTL
00000a06   LCDBMEMCTL_L
00000a07   LCDBMEMCTL_H
00000a08   LCDBVCTL
00000a08   LCDBVCTL_L
00000a09   LCDBVCTL_H
00000a0a   LCDBPCTL0
00000a0a   LCDBPCTL0_L
00000a0b   LCDBPCTL0_H
00000a0c   LCDBPCTL1
00000a0c   LCDBPCTL1_L
00000a0d   LCDBPCTL1_H
00000a0e   LCDBPCTL2
00000a0e   LCDBPCTL2_L
00000a0f   LCDBPCTL2_H
00000a10   LCDBPCTL3
00000a10   LCDBPCTL3_L
00000a11   LCDBPCTL3_H
00000a12   LCDBCPCTL
00000a12   LCDBCPCTL_L
00000a13   LCDBCPCTL_H
00000a1e   LCDBIV
00000a20   LCDM1
00000a21   LCDM2
00000a22   LCDM3
00000a23   LCDM4
00000a24   LCDM5
00000a25   LCDM6
00000a26   LCDM7
00000a27   LCDM8
00000a28   LCDM9
00000a29   LCDM10
00000a2a   LCDM11
00000a2b   LCDM12
00000a2c   LCDM13
00000a2d   LCDM14
00000a2e   LCDM15
00000a2f   LCDM16
00000a30   LCDM17
00000a31   LCDM18
00000a32   LCDM19
00000a33   LCDM20
00000a34   LCDM21
00000a35   LCDM22
00000a36   LCDM23
00000a37   LCDM24
00000a40   LCDBM1
00000a41   LCDBM2
00000a42   LCDBM3
00000a43   LCDBM4
00000a44   LCDBM5
00000a45   LCDBM6
00000a46   LCDBM7
00000a47   LCDBM8
00000a48   LCDBM9
00000a49   LCDBM10
00000a4a   LCDBM11
00000a4b   LCDBM12
00000a4c   LCDBM13
00000a4d   LCDBM14
00000a4e   LCDBM15
00000a4f   LCDBM16
00000a50   LCDBM17
00000a51   LCDBM18
00000a52   LCDBM19
00000a53   LCDBM20
00000a54   LCDBM21
00000a55   LCDBM22
00000a56   LCDBM23
00000a57   LCDBM24
00001c00   USBSTABUFF
00001c00   pbXBufferAddressEp1
00001c40   pbYBufferAddressEp1
00001c80   pbXBufferAddressEp81
00001cc0   pbYBufferAddressEp81
00001d00   pbXBufferAddressEp2
00001d40   pbYBufferAddressEp2
00001d80   pbXBufferAddressEp82
00001dc0   pbYBufferAddressEp82
00001e00   pbXBufferAddressEp3
00001e40   pbYBufferAddressEp3
00001e80   pbXBufferAddressEp83
00001ec0   pbYBufferAddressEp83
00001f00   pbXBufferAddressEp4
00001f40   pbYBufferAddressEp4
00001f80   pbXBufferAddressEp84
00001fc0   pbYBufferAddressEp84
00002000   pbXBufferAddressEp5
00002040   pbYBufferAddressEp5
00002080   pbXBufferAddressEp85
000020c0   pbYBufferAddressEp85
00002100   pbXBufferAddressEp6
00002140   pbYBufferAddressEp6
00002180   pbXBufferAddressEp86
000021c0   pbYBufferAddressEp86
00002200   pbXBufferAddressEp7
00002240   pbYBufferAddressEp7
00002280   pbXBufferAddressEp87
000022c0   pbYBufferAddressEp87
0000236f   USBTOPBUFF
00002370   USBOEP0BUF
00002370   abOEP0Buffer
00002378   USBIEP0BUF
00002378   abIEP0Buffer
00002380   USBSUBLK
00002380   tSetupPacket
00002388   USBOEPCNF_1
00002388   tOutputEndPointDescriptorBlock
00002389   USBOEPBBAX_1
0000238a   USBOEPBCTX_1
0000238d   USBOEPBBAY_1
0000238e   USBOEPBCTY_1
0000238f   USBOEPSIZXY_1
00002390   USBOEPCNF_2
00002391   USBOEPBBAX_2
00002392   USBOEPBCTX_2
00002395   USBOEPBBAY_2
00002396   USBOEPBCTY_2
00002397   USBOEPSIZXY_2
00002398   USBOEPCNF_3
00002399   USBOEPBBAX_3
0000239a   USBOEPBCTX_3
0000239d   USBOEPBBAY_3
0000239e   USBOEPBCTY_3
0000239f   USBOEPSIZXY_3
000023a0   USBOEPCNF_4
000023a1   USBOEPBBAX_4
000023a2   USBOEPBCTX_4
000023a5   USBOEPBBAY_4
000023a6   USBOEPBCTY_4
000023a7   USBOEPSIZXY_4
000023a8   USBOEPCNF_5
000023a9   USBOEPBBAX_5
000023aa   USBOEPBCTX_5
000023ad   USBOEPBBAY_5
000023ae   USBOEPBCTY_5
000023af   USBOEPSIZXY_5
000023b0   USBOEPCNF_6
000023b1   USBOEPBBAX_6
000023b2   USBOEPBCTX_6
000023b5   USBOEPBBAY_6
000023b6   USBOEPBCTY_6
000023b7   USBOEPSIZXY_6
000023b8   USBOEPCNF_7
000023b9   USBOEPBBAX_7
000023ba   USBOEPBCTX_7
000023bd   USBOEPBBAY_7
000023be   USBOEPBCTY_7
000023bf   USBOEPSIZXY_7
000023c8   USBIEPCNF_1
000023c8   tInputEndPointDescriptorBlock
000023c9   USBIEPBBAX_1
000023ca   USBIEPBCTX_1
000023cd   USBIEPBBAY_1
000023ce   USBIEPBCTY_1
000023cf   USBIEPSIZXY_1
000023d0   USBIEPCNF_2
000023d1   USBIEPBBAX_2
000023d2   USBIEPBCTX_2
000023d5   USBIEPBBAY_2
000023d6   USBIEPBCTY_2
000023d7   USBIEPSIZXY_2
000023d8   USBIEPCNF_3
000023d9   USBIEPBBAX_3
000023da   USBIEPBCTX_3
000023dd   USBIEPBBAY_3
000023de   USBIEPBCTY_3
000023df   USBIEPSIZXY_3
000023e0   USBIEPCNF_4
000023e1   USBIEPBBAX_4
000023e2   USBIEPBCTX_4
000023e5   USBIEPBBAY_4
000023e6   USBIEPBCTY_4
000023e7   USBIEPSIZXY_4
000023e8   USBIEPCNF_5
000023e9   USBIEPBBAX_5
000023ea   USBIEPBCTX_5
000023ed   USBIEPBBAY_5
000023ee   USBIEPBCTY_5
000023ef   USBIEPSIZXY_5
000023f0   USBIEPCNF_6
000023f1   USBIEPBBAX_6
000023f2   USBIEPBCTX_6
000023f5   USBIEPBBAY_6
000023f6   USBIEPBCTY_6
000023f7   USBIEPSIZXY_6
000023f8   USBIEPCNF_7
000023f9   USBIEPBBAX_7
000023fa   USBIEPBCTX_7
000023fd   USBIEPBBAY_7
000023fe   USBIEPBCTY_7
000023ff   USBIEPSIZXY_7
00002400   .bss
00002400   __bss__
00002400   free
00002402   fre
00002404   sin_table
00002594   sin_data_pr
00002596   rcc
00002598   timing
0000259a   ttmp
0000259c   j
0000259e   state
000025a0   playpoint
000025a2   buffer
000035a2   wav_stream
000035ac   rc
000035ae   fatfs
000037dc   dir
000037f2   fno
00003808   fil
00003828   wavsize
0000382a   size
0000382c   lastSec
0000382e   display
00003858   fbuf
00003958   USBMSC_config
00003978   RWbuf
00003b78   RWbuf_info
00003b7a   mediaInfo
00003b86   MscWriteControl
00003ba0   MscReadControl
00003bb6   MscControl
00003bc2   sRwbuf
00003be4   McsCbw
00003c04   McsCsw
00003c12   MscState
00003c24   Scsi_Standard_Inquiry_Data
00003d24   RequestSenseResponse
00003d44   Scsi_Read_Capacity_10
00003d4c   Scsi_Mode_Sense_6
00003d50   Scsi_Mode_Sense_10
00003d58   Scsi_Read_Format_Capacity
00003d64   audio_wav_status
00003d78   curSampFreq
00003d7c   curVolume
00003d7e   audio_riff_header
00003d8a   audio_wav_fmt
00003d9c   curChunkHeader
00003dbc   wBytesRemainingOnIEP0
00003dbe   wBytesRemainingOnOEP0
00003dc6   abUsbRequestReturnData
00003dce   abUsbRequestIncomingData
00003dd6   abramSerialStringDescriptor
00003df8   bStatusAction
00003df9   bFunctionSuspended
00003dfa   bEnumerationStatus
00003dfc   wUsbEventMask
00003dfe   VERSION
00003e00   USB_TX_memcpy
00003e04   USB_RX_memcpy
00003e08   _lock
00003e0c   _unlock
00003e10   __TI_cleanup_ptr
00003e14   __TI_dtors_ptr
00003e1c   INS
00003e1f   __end__
00003e1f   end
00006000   _stack
00006400   __STACK_END
00008000   USCI_A1_ISR
0000814e   iUsbInterruptHandler
0000825c   audioTimerInterrupt
000082f6   Port_4
00008384   _c_int00
00008384   _c_int00_noexit
000083ae   TIMER0_A0_ISR
000083b6   __cinit__
000083b6   cinit
0000845e   initTFT
00008ed0   MSCFromHostToBuffer
000092ce   __divull
0000965c   main
00009968   MSCToHostFromBuffer
00009c3e   f_open
00009e4c   f_read
0000a02c   __TI_printfi_nofloat
0000a51a   put_fat
0000a95e   disk_initialize
0000abd6   USB_reset
0000ad06   get_fat
0000ae34   audio_ReadHeader
0000b364   disk_ioctl
0000b6d8   disk_write
0000b794   etft_DisplayString
0000b9a6   f_sync
0000ba4e   f_opendir
0000bc2c   audio_Decode
0000bcc2   disk_read
0000bd56   usbDecodeAndProcessUsbRequest
0000be78   __fs_div
0000bf06   usbGetEndpointStatus
0000bf94   USB_enable
0000c01e   Reset_RequestSenseResponse
0000c1ae   etft_AreaSet
0000c22a   usbClearEndpointFeature
0000c2a6   audio_DecoderStatus
0000c31e   queue_Read
0000c392   MscCopyUsbToBuff
0000c404   queue_Write
0000c476   initClock
0000c4e4   usbSendNextPacketOnIEP0
0000c550   MscSendData
0000c5b8   audio_CheckWavFmt
0000c620   __fs_toi
0000c688   f_readdir
0000c74a   __mpyll_f5hw
0000c7fe   __divul
0000c7fe   __remul
0000c8ae   SDCard_init
0000c904   initAudio
0000c95a   atoi
0000ca02   usbReceiveNextPacketOnOEP0
0000ca52   Msc_ResetStruct
0000ca9e   queue_ThrowData
0000caea   PWRVBUSoffHandler
0000cb32   SetupPacketInterruptHandler
0000cb7a   _auto_init
0000cbc2   usbSetEndpointFeature
0000cc0a   usbGetStringDescriptor
0000cc94   __lslll
0000ccd2   __lsrll
0000cd10   clust2sect
0000cd4e   L_LSL_15
0000cd52   L_LSL_14
0000cd56   L_LSL_13
0000cd5a   L_LSL_12
0000cd5e   L_LSL_11
0000cd62   L_LSL_10
0000cd66   L_LSL_9
0000cd6a   L_LSL_8
0000cd6e   L_LSL_7
0000cd72   L_LSL_6
0000cd76   L_LSL_5
0000cd7a   L_LSL_4
0000cd7e   L_LSL_3
0000cd82   L_LSL_2
0000cd86   L_LSL_1
0000cd8c   L_LSR_15
0000cd90   L_LSR_14
0000cd94   L_LSR_13
0000cd98   L_LSR_12
0000cd9c   L_LSR_11
0000cda0   L_LSR_10
0000cda4   L_LSR_9
0000cda8   L_LSR_8
0000cdac   L_LSR_7
0000cdb0   L_LSR_6
0000cdb4   L_LSR_5
0000cdb8   L_LSR_4
0000cdbc   L_LSR_3
0000cdc0   L_LSR_2
0000cdc4   L_LSR_1
0000cdca   sprintf
0000ce3a   PWRVBUSonHandler
0000ce70   changefre
0000cea6   __fs_itof
0000cedc   scomm_ini
0000cf12   strstr
0000cf48   SDCard_readFrame
0000cf7c   USBMSC_reset
0000cfb0   audio_CheckRIFFHeader
0000cfe4   usbSetInterface
0000d016   Msc_ResetStateMachine
0000d046   XT2_Start
0000d076   f_mount
0000d0a4   SDCard_sendFrame
0000d0d0   USB_suspend
0000d128   ini_myaudio
0000d152   usbGetDeviceStatus
0000d17c   audio_DecoderReset
0000d1a2   OEP0InterruptHandler
0000d1c6   MscResetData
0000d1e8   memcmp
0000d20a   __mpyl_f5hw
0000d22c   strupr
0000d24e   usbSendDataPacketOnEP0
0000d270   disk_status
0000d290   tft_AddTxData
0000d2b0   usbSetAddress
0000d2d0   usbSetConfiguration
0000d2f0   usbGetInterface
0000d30e   usbGetInterfaceStatus
0000d32c   IEP0InterruptHandler
0000d348   interrupt_key
0000d364   memccpy
0000d380   Get_MaxLUN
0000d39a   USB_connect
0000d3b4   USB_resume
0000d3fc   usbClearDeviceFeature
0000d414   usbSetDeviceFeature
0000d42c   initQueue
0000d442   __divu
0000d442   __remu
0000d458   __mpyi_f5hw
0000d46e   usbGetConfigurationDescriptor
0000d484   usbGetDeviceDescriptor
0000d49a   USB_handleVbusOnEvent
0000d4c2   f_close
0000d4ea   memset
0000d4fe   tft_SendData
0000d512   tft_SendIndex
0000d526   usbGetConfiguration
0000d53a   SDCard_fastMode
0000d570   memcpy
0000d582   audio_SetWavStream
0000d592   L_LSL
0000d5a2   L_LSR
0000d5d2   strcpy
0000d5e2   strlen
0000d5f0   tft_SendCmd
0000d5fe   usbInvalidRequest
0000d60c   usbSendZeroLengthPacketOnIEP0
0000d61a   queue_CanRead
0000d626   get_fattime
0000d630   I_LSL
0000d63a   usbStallEndpoint0
0000d644   SDCard_setCSHigh
0000d64c   SDCard_setCSLow
0000d654   audio_OutputShutDown
0000d65c   audio_OutputTurnOn
0000d664   Msc_ResetFlags
0000d66a   audio_SetOutput
0000d670   queue_CanWrite
0000d67c   usbClearOEP0ByteCount
0000d682   usbStallOEP0
0000d68e   USBMSC_handleBufferEvent
0000d692   USB_handleClockEvent
0000d696   USB_handleEnumCompleteEvent
0000d69a   USB_handleResetEvent
0000d69e   USB_handleResumeEvent
0000d6a2   USB_handleSuspendEvent
0000d6a6   USB_handleVbusOffEvent
0000d6aa   _system_pre_init
0000d6ae   C$$EXIT
0000d6ae   abort
0000d6b2   _nop
0000d6b4   tft_ascii
0000e6c4   _ctypes_
0000e7c6   tUsbRequestList
0000e8c2   abromStringDescriptor
0000e9e4   abromConfigurationDescriptorGroup
0000ea1c   abromDeviceDescriptor
0000ea3e   Report_Luns
0000ea4e   stUsbHandle
0000ea5e   BYTES_PER_BLOCK
0000ffca   __TI_int37
0000ffd0   __TI_int40
0000ffdc   __TI_int46
0000ffe6   __TI_int51
0000ffea   __TI_int53
0000fffe   _reset_vector
ffffffff   .text
ffffffff   __binit__
ffffffff   __c_args__
ffffffff   __etext__
ffffffff   __pinit__
ffffffff   __text__
ffffffff   binit
ffffffff   etext
ffffffff   pinit

[1212 symbols]
