<?xml version="1.0"?>
<link_info>
   <banner>MSP430 Linker PC v4.2.1</banner>
   <copyright>Copyright (c) 2003-2013 Texas Instruments Incorporated</copyright>
   <link_time>0x56824f6b</link_time>
   <link_errors>0x0</link_errors>
   <output_file>Pro01a_sdcard_audio.out</output_file>
   <entry_point>
      <name>_c_int00</name>
      <address>0x8384</address>
   </entry_point>
   <input_file_list>
      <input_file id="fl-2">
         <path>.\dr_sdcard\</path>
         <kind>object</kind>
         <file>mmc.obj</file>
         <name>mmc.obj</name>
      </input_file>
      <input_file id="fl-3">
         <path>.\dr_sdcard\</path>
         <kind>object</kind>
         <file>ff.obj</file>
         <name>ff.obj</name>
      </input_file>
      <input_file id="fl-4">
         <path>.\dr_sdcard\</path>
         <kind>object</kind>
         <file>HAL_SDCard.obj</file>
         <name>HAL_SDCard.obj</name>
      </input_file>
      <input_file id="fl-5">
         <path>.\dr_usbmsc\</path>
         <kind>object</kind>
         <file>usbEventHandling.obj</file>
         <name>usbEventHandling.obj</name>
      </input_file>
      <input_file id="fl-6">
         <path>.\dr_usbmsc\</path>
         <kind>object</kind>
         <file>usb.obj</file>
         <name>usb.obj</name>
      </input_file>
      <input_file id="fl-7">
         <path>.\dr_usbmsc\</path>
         <kind>object</kind>
         <file>dma.obj</file>
         <name>dma.obj</name>
      </input_file>
      <input_file id="fl-8">
         <path>.\dr_usbmsc\</path>
         <kind>object</kind>
         <file>descriptors.obj</file>
         <name>descriptors.obj</name>
      </input_file>
      <input_file id="fl-9">
         <path>.\dr_usbmsc\</path>
         <kind>object</kind>
         <file>UsbMscStateMachine.obj</file>
         <name>UsbMscStateMachine.obj</name>
      </input_file>
      <input_file id="fl-a">
         <path>.\dr_usbmsc\</path>
         <kind>object</kind>
         <file>UsbMscScsi.obj</file>
         <name>UsbMscScsi.obj</name>
      </input_file>
      <input_file id="fl-b">
         <path>.\dr_usbmsc\</path>
         <kind>object</kind>
         <file>UsbMscReq.obj</file>
         <name>UsbMscReq.obj</name>
      </input_file>
      <input_file id="fl-c">
         <path>.\dr_usbmsc\</path>
         <kind>object</kind>
         <file>UsbIsr.obj</file>
         <name>UsbIsr.obj</name>
      </input_file>
      <input_file id="fl-d">
         <path>.\dr_usbmsc\</path>
         <kind>object</kind>
         <file>HAL_UCS.obj</file>
         <name>HAL_UCS.obj</name>
      </input_file>
      <input_file id="fl-e">
         <path>.\dr_usbmsc\</path>
         <kind>object</kind>
         <file>HAL_TLV.obj</file>
         <name>HAL_TLV.obj</name>
      </input_file>
      <input_file id="fl-f">
         <path>.\dr_usbmsc\</path>
         <kind>object</kind>
         <file>HAL_PMM.obj</file>
         <name>HAL_PMM.obj</name>
      </input_file>
      <input_file id="fl-10">
         <path>.\dr_usbmsc\</path>
         <kind>object</kind>
         <file>HAL_PMAP.obj</file>
         <name>HAL_PMAP.obj</name>
      </input_file>
      <input_file id="fl-11">
         <path>.\dr_usbmsc\</path>
         <kind>object</kind>
         <file>HAL_FLASH.obj</file>
         <name>HAL_FLASH.obj</name>
      </input_file>
      <input_file id="fl-12">
         <path>.\</path>
         <kind>object</kind>
         <file>main.obj</file>
         <name>main.obj</name>
      </input_file>
      <input_file id="fl-13">
         <path>.\</path>
         <kind>object</kind>
         <file>fw_queue.obj</file>
         <name>fw_queue.obj</name>
      </input_file>
      <input_file id="fl-14">
         <path>.\</path>
         <kind>object</kind>
         <file>dr_usbmsc.obj</file>
         <name>dr_usbmsc.obj</name>
      </input_file>
      <input_file id="fl-15">
         <path>.\</path>
         <kind>object</kind>
         <file>dr_tft2.obj</file>
         <name>dr_tft2.obj</name>
      </input_file>
      <input_file id="fl-16">
         <path>.\</path>
         <kind>object</kind>
         <file>dr_tft.obj</file>
         <name>dr_tft.obj</name>
      </input_file>
      <input_file id="fl-17">
         <path>.\</path>
         <kind>object</kind>
         <file>dr_audio.obj</file>
         <name>dr_audio.obj</name>
      </input_file>
      <input_file id="fl-32">
         <path>D:\Program Files (x86)\CCS\ccsv5\tools\compiler\msp430_4.2.1\lib\</path>
         <kind>archive</kind>
         <file>rts430x.lib</file>
         <name>boot.obj</name>
      </input_file>
      <input_file id="fl-33">
         <path>D:\Program Files (x86)\CCS\ccsv5\tools\compiler\msp430_4.2.1\lib\</path>
         <kind>archive</kind>
         <file>rts430x.lib</file>
         <name>copy_decompress_none.obj</name>
      </input_file>
      <input_file id="fl-34">
         <path>D:\Program Files (x86)\CCS\ccsv5\tools\compiler\msp430_4.2.1\lib\</path>
         <kind>archive</kind>
         <file>rts430x.lib</file>
         <name>copy_decompress_rle.obj</name>
      </input_file>
      <input_file id="fl-35">
         <path>D:\Program Files (x86)\CCS\ccsv5\tools\compiler\msp430_4.2.1\lib\</path>
         <kind>archive</kind>
         <file>rts430x.lib</file>
         <name>copy_zero_init.obj</name>
      </input_file>
      <input_file id="fl-36">
         <path>D:\Program Files (x86)\CCS\ccsv5\tools\compiler\msp430_4.2.1\lib\</path>
         <kind>archive</kind>
         <file>rts430x.lib</file>
         <name>cpy_util.obj</name>
      </input_file>
      <input_file id="fl-37">
         <path>D:\Program Files (x86)\CCS\ccsv5\tools\compiler\msp430_4.2.1\lib\</path>
         <kind>archive</kind>
         <file>rts430x.lib</file>
         <name>div16u.obj</name>
      </input_file>
      <input_file id="fl-38">
         <path>D:\Program Files (x86)\CCS\ccsv5\tools\compiler\msp430_4.2.1\lib\</path>
         <kind>archive</kind>
         <file>rts430x.lib</file>
         <name>div32u.obj</name>
      </input_file>
      <input_file id="fl-39">
         <path>D:\Program Files (x86)\CCS\ccsv5\tools\compiler\msp430_4.2.1\lib\</path>
         <kind>archive</kind>
         <file>rts430x.lib</file>
         <name>exit.obj</name>
      </input_file>
      <input_file id="fl-3a">
         <path>D:\Program Files (x86)\CCS\ccsv5\tools\compiler\msp430_4.2.1\lib\</path>
         <kind>archive</kind>
         <file>rts430x.lib</file>
         <name>fs_div.obj</name>
      </input_file>
      <input_file id="fl-3b">
         <path>D:\Program Files (x86)\CCS\ccsv5\tools\compiler\msp430_4.2.1\lib\</path>
         <kind>archive</kind>
         <file>rts430x.lib</file>
         <name>fs_itof.obj</name>
      </input_file>
      <input_file id="fl-3c">
         <path>D:\Program Files (x86)\CCS\ccsv5\tools\compiler\msp430_4.2.1\lib\</path>
         <kind>archive</kind>
         <file>rts430x.lib</file>
         <name>fs_toi.obj</name>
      </input_file>
      <input_file id="fl-3d">
         <path>D:\Program Files (x86)\CCS\ccsv5\tools\compiler\msp430_4.2.1\lib\</path>
         <kind>archive</kind>
         <file>rts430x.lib</file>
         <name>lsl16.obj</name>
      </input_file>
      <input_file id="fl-3e">
         <path>D:\Program Files (x86)\CCS\ccsv5\tools\compiler\msp430_4.2.1\lib\</path>
         <kind>archive</kind>
         <file>rts430x.lib</file>
         <name>lsl32.obj</name>
      </input_file>
      <input_file id="fl-3f">
         <path>D:\Program Files (x86)\CCS\ccsv5\tools\compiler\msp430_4.2.1\lib\</path>
         <kind>archive</kind>
         <file>rts430x.lib</file>
         <name>lsr32.obj</name>
      </input_file>
      <input_file id="fl-40">
         <path>D:\Program Files (x86)\CCS\ccsv5\tools\compiler\msp430_4.2.1\lib\</path>
         <kind>archive</kind>
         <file>rts430x.lib</file>
         <name>memcmp.obj</name>
      </input_file>
      <input_file id="fl-41">
         <path>D:\Program Files (x86)\CCS\ccsv5\tools\compiler\msp430_4.2.1\lib\</path>
         <kind>archive</kind>
         <file>rts430x.lib</file>
         <name>memcpy.obj</name>
      </input_file>
      <input_file id="fl-42">
         <path>D:\Program Files (x86)\CCS\ccsv5\tools\compiler\msp430_4.2.1\lib\</path>
         <kind>archive</kind>
         <file>rts430x.lib</file>
         <name>memset.obj</name>
      </input_file>
      <input_file id="fl-43">
         <path>D:\Program Files (x86)\CCS\ccsv5\tools\compiler\msp430_4.2.1\lib\</path>
         <kind>archive</kind>
         <file>rts430x.lib</file>
         <name>mult1632_f5hw.obj</name>
      </input_file>
      <input_file id="fl-44">
         <path>D:\Program Files (x86)\CCS\ccsv5\tools\compiler\msp430_4.2.1\lib\</path>
         <kind>archive</kind>
         <file>rts430x.lib</file>
         <name>mult16_f5hw.obj</name>
      </input_file>
      <input_file id="fl-45">
         <path>D:\Program Files (x86)\CCS\ccsv5\tools\compiler\msp430_4.2.1\lib\</path>
         <kind>archive</kind>
         <file>rts430x.lib</file>
         <name>mult32_f5hw.obj</name>
      </input_file>
      <input_file id="fl-46">
         <path>D:\Program Files (x86)\CCS\ccsv5\tools\compiler\msp430_4.2.1\lib\</path>
         <kind>archive</kind>
         <file>rts430x.lib</file>
         <name>pre_init.obj</name>
      </input_file>
      <input_file id="fl-47">
         <path>D:\Program Files (x86)\CCS\ccsv5\tools\compiler\msp430_4.2.1\lib\</path>
         <kind>archive</kind>
         <file>rts430x.lib</file>
         <name>sprintf.obj</name>
      </input_file>
      <input_file id="fl-48">
         <path>D:\Program Files (x86)\CCS\ccsv5\tools\compiler\msp430_4.2.1\lib\</path>
         <kind>archive</kind>
         <file>rts430x.lib</file>
         <name>strcpy.obj</name>
      </input_file>
      <input_file id="fl-49">
         <path>D:\Program Files (x86)\CCS\ccsv5\tools\compiler\msp430_4.2.1\lib\</path>
         <kind>archive</kind>
         <file>rts430x.lib</file>
         <name>strstr.obj</name>
      </input_file>
      <input_file id="fl-4a">
         <path>D:\Program Files (x86)\CCS\ccsv5\tools\compiler\msp430_4.2.1\lib\</path>
         <kind>archive</kind>
         <file>rts430x.lib</file>
         <name>_lock.obj</name>
      </input_file>
      <input_file id="fl-4b">
         <path>D:\Program Files (x86)\CCS\ccsv5\tools\compiler\msp430_4.2.1\lib\</path>
         <kind>archive</kind>
         <file>rts430x.lib</file>
         <name>_printfi_nf.obj</name>
      </input_file>
      <input_file id="fl-4c">
         <path>D:\Program Files (x86)\CCS\ccsv5\tools\compiler\msp430_4.2.1\lib\</path>
         <kind>archive</kind>
         <file>rts430x.lib</file>
         <name>args_main.obj</name>
      </input_file>
      <input_file id="fl-4d">
         <path>D:\Program Files (x86)\CCS\ccsv5\tools\compiler\msp430_4.2.1\lib\</path>
         <kind>archive</kind>
         <file>rts430x.lib</file>
         <name>atoi.obj</name>
      </input_file>
      <input_file id="fl-4e">
         <path>D:\Program Files (x86)\CCS\ccsv5\tools\compiler\msp430_4.2.1\lib\</path>
         <kind>archive</kind>
         <file>rts430x.lib</file>
         <name>autoinit.obj</name>
      </input_file>
      <input_file id="fl-4f">
         <path>D:\Program Files (x86)\CCS\ccsv5\tools\compiler\msp430_4.2.1\lib\</path>
         <kind>archive</kind>
         <file>rts430x.lib</file>
         <name>ctype.obj</name>
      </input_file>
      <input_file id="fl-50">
         <path>D:\Program Files (x86)\CCS\ccsv5\tools\compiler\msp430_4.2.1\lib\</path>
         <kind>archive</kind>
         <file>rts430x.lib</file>
         <name>llmath.obj</name>
      </input_file>
      <input_file id="fl-51">
         <path>D:\Program Files (x86)\CCS\ccsv5\tools\compiler\msp430_4.2.1\lib\</path>
         <kind>archive</kind>
         <file>rts430x.lib</file>
         <name>memccpy.obj</name>
      </input_file>
      <input_file id="fl-52">
         <path>D:\Program Files (x86)\CCS\ccsv5\tools\compiler\msp430_4.2.1\lib\</path>
         <kind>archive</kind>
         <file>rts430x.lib</file>
         <name>mult64_f5hw.obj</name>
      </input_file>
      <input_file id="fl-53">
         <path>D:\Program Files (x86)\CCS\ccsv5\tools\compiler\msp430_4.2.1\lib\</path>
         <kind>archive</kind>
         <file>rts430x.lib</file>
         <name>strlen.obj</name>
      </input_file>
      <input_file id="fl-54">
         <path>D:\Program Files (x86)\CCS\ccsv5\tools\compiler\msp430_4.2.1\lib\</path>
         <kind>archive</kind>
         <file>rts430x.lib</file>
         <name>abs.obj</name>
      </input_file>
   </input_file_list>
   <object_component_list>
      <object_component id="oc-50">
         <name>.bss</name>
         <uninitialized>true</uninitialized>
         <run_address>0x3e1c</run_address>
         <size>0x3</size>
         <input_file_ref idref="fl-2"/>
      </object_component>
      <object_component id="oc-56">
         <name>.bss</name>
         <uninitialized>true</uninitialized>
         <run_address>0x3e18</run_address>
         <size>0x4</size>
         <input_file_ref idref="fl-3"/>
      </object_component>
      <object_component id="oc-64">
         <name>.bss</name>
         <uninitialized>true</uninitialized>
         <run_address>0x3dba</run_address>
         <size>0x46</size>
         <input_file_ref idref="fl-6"/>
      </object_component>
      <object_component id="oc-6b">
         <name>.bss</name>
         <uninitialized>true</uninitialized>
         <run_address>0x3e00</run_address>
         <size>0x8</size>
         <input_file_ref idref="fl-7"/>
      </object_component>
      <object_component id="oc-77">
         <name>.bss</name>
         <uninitialized>true</uninitialized>
         <run_address>0x3b86</run_address>
         <size>0x1de</size>
         <input_file_ref idref="fl-a"/>
      </object_component>
      <object_component id="oc-9b">
         <name>.bss</name>
         <uninitialized>true</uninitialized>
         <run_address>0x2400</run_address>
         <size>0x1558</size>
         <input_file_ref idref="fl-12"/>
      </object_component>
      <object_component id="oc-a9">
         <name>.bss</name>
         <uninitialized>true</uninitialized>
         <run_address>0x3958</run_address>
         <size>0x22e</size>
         <input_file_ref idref="fl-14"/>
      </object_component>
      <object_component id="oc-b8">
         <name>.bss</name>
         <uninitialized>true</uninitialized>
         <run_address>0x3d64</run_address>
         <size>0x56</size>
         <input_file_ref idref="fl-17"/>
      </object_component>
      <object_component id="oc-c0">
         <name>.bss</name>
         <uninitialized>true</uninitialized>
         <run_address>0x3e10</run_address>
         <size>0x8</size>
         <input_file_ref idref="fl-32"/>
      </object_component>
      <object_component id="oc-11f">
         <name>.bss</name>
         <uninitialized>true</uninitialized>
         <run_address>0x3e08</run_address>
         <size>0x8</size>
         <input_file_ref idref="fl-4a"/>
      </object_component>
      <object_component id="oc-c2">
         <name>.stack</name>
         <uninitialized>true</uninitialized>
         <run_address>0x6000</run_address>
         <size>0x2</size>
         <input_file_ref idref="fl-32"/>
      </object_component>
      <object_component id="oc-251">
         <name>.stack</name>
         <uninitialized>true</uninitialized>
         <run_address>0x6000</run_address>
         <size>0x0</size>
      </object_component>
      <object_component id="oc-15a">
         <name>.text:initTFT</name>
         <load_address>0x845e</load_address>
         <run_address>0x845e</run_address>
         <size>0x5c6</size>
         <input_file_ref idref="fl-16"/>
      </object_component>
      <object_component id="oc-186">
         <name>.text:chk_mounted</name>
         <load_address>0x8a24</load_address>
         <run_address>0x8a24</run_address>
         <size>0x4ac</size>
         <input_file_ref idref="fl-3"/>
      </object_component>
      <object_component id="oc-176">
         <name>.text:MSCFromHostToBuffer</name>
         <load_address>0x8ed0</load_address>
         <run_address>0x8ed0</run_address>
         <size>0x3fe</size>
         <input_file_ref idref="fl-a"/>
      </object_component>
      <object_component id="oc-1f8">
         <name>.text:__divull</name>
         <load_address>0x92ce</load_address>
         <run_address>0x92ce</run_address>
         <size>0x38e</size>
         <input_file_ref idref="fl-50"/>
      </object_component>
      <object_component id="oc-14d">
         <name>.text:main</name>
         <load_address>0x965c</load_address>
         <run_address>0x965c</run_address>
         <size>0x30c</size>
         <input_file_ref idref="fl-12"/>
      </object_component>
      <object_component id="oc-177">
         <name>.text:MSCToHostFromBuffer</name>
         <load_address>0x9968</load_address>
         <run_address>0x9968</run_address>
         <size>0x2d6</size>
         <input_file_ref idref="fl-a"/>
      </object_component>
      <object_component id="oc-162">
         <name>.text:f_open</name>
         <load_address>0x9c3e</load_address>
         <run_address>0x9c3e</run_address>
         <size>0x20e</size>
         <input_file_ref idref="fl-3"/>
      </object_component>
      <object_component id="oc-165">
         <name>.text:f_read</name>
         <load_address>0x9e4c</load_address>
         <run_address>0x9e4c</run_address>
         <size>0x1e0</size>
         <input_file_ref idref="fl-3"/>
      </object_component>
      <object_component id="oc-194">
         <name>.text:__TI_printfi_nofloat</name>
         <load_address>0xa02c</load_address>
         <run_address>0xa02c</run_address>
         <size>0x1c4</size>
         <input_file_ref idref="fl-4b"/>
      </object_component>
      <object_component id="oc-1ba">
         <name>.text:_setfield</name>
         <load_address>0xa1f0</load_address>
         <run_address>0xa1f0</run_address>
         <size>0x1b4</size>
         <input_file_ref idref="fl-4b"/>
      </object_component>
      <object_component id="oc-18c">
         <name>.text:dir_next</name>
         <load_address>0xa3a4</load_address>
         <run_address>0xa3a4</run_address>
         <size>0x176</size>
         <input_file_ref idref="fl-3"/>
      </object_component>
      <object_component id="oc-1b5">
         <name>.text:put_fat</name>
         <load_address>0xa51a</load_address>
         <run_address>0xa51a</run_address>
         <size>0x174</size>
         <input_file_ref idref="fl-3"/>
      </object_component>
      <object_component id="oc-1b1">
         <name>.text:create_name</name>
         <load_address>0xa68e</load_address>
         <run_address>0xa68e</run_address>
         <size>0x16c</size>
         <input_file_ref idref="fl-3"/>
      </object_component>
      <object_component id="oc-1ed">
         <name>.text:_getarg_diouxp</name>
         <load_address>0xa7fa</load_address>
         <run_address>0xa7fa</run_address>
         <size>0x164</size>
         <input_file_ref idref="fl-4b"/>
      </object_component>
      <object_component id="oc-1af">
         <name>.text:disk_initialize</name>
         <load_address>0xa95e</load_address>
         <run_address>0xa95e</run_address>
         <size>0x146</size>
         <input_file_ref idref="fl-2"/>
      </object_component>
      <object_component id="oc-1d3">
         <name>.text:_pproc_diouxp</name>
         <load_address>0xaaa4</load_address>
         <run_address>0xaaa4</run_address>
         <size>0x132</size>
         <input_file_ref idref="fl-4b"/>
      </object_component>
      <object_component id="oc-16f">
         <name>.text:USB_reset</name>
         <load_address>0xabd6</load_address>
         <run_address>0xabd6</run_address>
         <size>0x130</size>
         <input_file_ref idref="fl-6"/>
      </object_component>
      <object_component id="oc-196">
         <name>.text:get_fat</name>
         <load_address>0xad06</load_address>
         <run_address>0xad06</run_address>
         <size>0x12e</size>
         <input_file_ref idref="fl-3"/>
      </object_component>
      <object_component id="oc-17f">
         <name>.text:audio_ReadHeader</name>
         <load_address>0xae34</load_address>
         <run_address>0xae34</run_address>
         <size>0x122</size>
         <input_file_ref idref="fl-17"/>
      </object_component>
      <object_component id="oc-1b3">
         <name>.text:create_chain</name>
         <load_address>0xaf56</load_address>
         <run_address>0xaf56</run_address>
         <size>0x120</size>
         <input_file_ref idref="fl-3"/>
      </object_component>
      <object_component id="oc-1ee">
         <name>.text:_ltostr</name>
         <load_address>0xb076</load_address>
         <run_address>0xb076</run_address>
         <size>0xfa</size>
         <input_file_ref idref="fl-4b"/>
      </object_component>
      <object_component id="oc-1b9">
         <name>.text:_pproc_fwp</name>
         <load_address>0xb170</load_address>
         <run_address>0xb170</run_address>
         <size>0xfa</size>
         <input_file_ref idref="fl-4b"/>
      </object_component>
      <object_component id="oc-188">
         <name>.text:dir_sdi</name>
         <load_address>0xb26a</load_address>
         <run_address>0xb26a</run_address>
         <size>0xfa</size>
         <input_file_ref idref="fl-3"/>
      </object_component>
      <object_component id="oc-1d7">
         <name>.text:disk_ioctl</name>
         <load_address>0xb364</load_address>
         <run_address>0xb364</run_address>
         <size>0xf4</size>
         <input_file_ref idref="fl-2"/>
      </object_component>
      <object_component id="oc-1bf">
         <name>.text:sync</name>
         <load_address>0xb458</load_address>
         <run_address>0xb458</run_address>
         <size>0xf0</size>
         <input_file_ref idref="fl-3"/>
      </object_component>
      <object_component id="oc-18b">
         <name>.text:get_fileinfo</name>
         <load_address>0xb548</load_address>
         <run_address>0xb548</run_address>
         <size>0xd2</size>
         <input_file_ref idref="fl-3"/>
      </object_component>
      <object_component id="oc-190">
         <name>.text:move_window</name>
         <load_address>0xb61a</load_address>
         <run_address>0xb61a</run_address>
         <size>0xbe</size>
         <input_file_ref idref="fl-3"/>
      </object_component>
      <object_component id="oc-1b6">
         <name>.text:disk_write</name>
         <load_address>0xb6d8</load_address>
         <run_address>0xb6d8</run_address>
         <size>0xbc</size>
         <input_file_ref idref="fl-2"/>
      </object_component>
      <object_component id="oc-15b">
         <name>.text:etft_DisplayString</name>
         <load_address>0xb794</load_address>
         <run_address>0xb794</run_address>
         <size>0xbc</size>
         <input_file_ref idref="fl-15"/>
      </object_component>
      <object_component id="oc-1bc">
         <name>.text:send_cmd</name>
         <load_address>0xb850</load_address>
         <run_address>0xb850</run_address>
         <size>0xac</size>
         <input_file_ref idref="fl-2"/>
      </object_component>
      <object_component id="oc-187">
         <name>.text:follow_path</name>
         <load_address>0xb8fc</load_address>
         <run_address>0xb8fc</run_address>
         <size>0xaa</size>
         <input_file_ref idref="fl-3"/>
      </object_component>
      <object_component id="oc-19b">
         <name>.text:f_sync</name>
         <load_address>0xb9a6</load_address>
         <run_address>0xb9a6</run_address>
         <size>0xa8</size>
         <input_file_ref idref="fl-3"/>
      </object_component>
      <object_component id="oc-15d">
         <name>.text:f_opendir</name>
         <load_address>0xba4e</load_address>
         <run_address>0xba4e</run_address>
         <size>0xa2</size>
         <input_file_ref idref="fl-3"/>
      </object_component>
      <object_component id="oc-1bb">
         <name>.text:_pproc_str</name>
         <load_address>0xbaf0</load_address>
         <run_address>0xbaf0</run_address>
         <size>0xa0</size>
         <input_file_ref idref="fl-4b"/>
      </object_component>
      <object_component id="oc-18f">
         <name>.text:remove_chain</name>
         <load_address>0xbb90</load_address>
         <run_address>0xbb90</run_address>
         <size>0x9c</size>
         <input_file_ref idref="fl-3"/>
      </object_component>
      <object_component id="oc-181">
         <name>.text:audio_Decode</name>
         <load_address>0xbc2c</load_address>
         <run_address>0xbc2c</run_address>
         <size>0x96</size>
         <input_file_ref idref="fl-17"/>
      </object_component>
      <object_component id="oc-198">
         <name>.text:disk_read</name>
         <load_address>0xbcc2</load_address>
         <run_address>0xbcc2</run_address>
         <size>0x94</size>
         <input_file_ref idref="fl-2"/>
      </object_component>
      <object_component id="oc-19c">
         <name>.text:usbDecodeAndProcessUsbRequest</name>
         <load_address>0xbd56</load_address>
         <run_address>0xbd56</run_address>
         <size>0x92</size>
         <input_file_ref idref="fl-6"/>
      </object_component>
      <object_component id="oc-1b0">
         <name>.text:check_fs</name>
         <load_address>0xbde8</load_address>
         <run_address>0xbde8</run_address>
         <size>0x90</size>
         <input_file_ref idref="fl-3"/>
      </object_component>
      <object_component id="oc-e2">
         <name>.text</name>
         <load_address>0xbe78</load_address>
         <run_address>0xbe78</run_address>
         <size>0x8e</size>
         <input_file_ref idref="fl-3a"/>
      </object_component>
      <object_component id="oc-1e2">
         <name>.text:usbGetEndpointStatus</name>
         <load_address>0xbf06</load_address>
         <run_address>0xbf06</run_address>
         <size>0x8e</size>
         <input_file_ref idref="fl-6"/>
      </object_component>
      <object_component id="oc-19d">
         <name>.text:USB_enable</name>
         <load_address>0xbf94</load_address>
         <run_address>0xbf94</run_address>
         <size>0x8a</size>
         <input_file_ref idref="fl-6"/>
      </object_component>
      <object_component id="oc-1e9">
         <name>.text:Reset_RequestSenseResponse</name>
         <load_address>0xc01e</load_address>
         <run_address>0xc01e</run_address>
         <size>0x86</size>
         <input_file_ref idref="fl-a"/>
      </object_component>
      <object_component id="oc-1f5">
         <name>.text:_div</name>
         <load_address>0xc0a4</load_address>
         <run_address>0xc0a4</run_address>
         <size>0x86</size>
         <input_file_ref idref="fl-4b"/>
      </object_component>
      <object_component id="oc-18d">
         <name>.text:dir_register</name>
         <load_address>0xc12a</load_address>
         <run_address>0xc12a</run_address>
         <size>0x84</size>
         <input_file_ref idref="fl-3"/>
      </object_component>
      <object_component id="oc-158">
         <name>.text:etft_AreaSet</name>
         <load_address>0xc1ae</load_address>
         <run_address>0xc1ae</run_address>
         <size>0x7c</size>
         <input_file_ref idref="fl-15"/>
      </object_component>
      <object_component id="oc-1da">
         <name>.text:usbClearEndpointFeature</name>
         <load_address>0xc22a</load_address>
         <run_address>0xc22a</run_address>
         <size>0x7c</size>
         <input_file_ref idref="fl-6"/>
      </object_component>
      <object_component id="oc-167">
         <name>.text:audio_DecoderStatus</name>
         <load_address>0xc2a6</load_address>
         <run_address>0xc2a6</run_address>
         <size>0x78</size>
         <input_file_ref idref="fl-17"/>
      </object_component>
      <object_component id="oc-1a9">
         <name>.text:queue_Read</name>
         <load_address>0xc31e</load_address>
         <run_address>0xc31e</run_address>
         <size>0x74</size>
         <input_file_ref idref="fl-13"/>
      </object_component>
      <object_component id="oc-1a2">
         <name>.text:MscCopyUsbToBuff</name>
         <load_address>0xc392</load_address>
         <run_address>0xc392</run_address>
         <size>0x72</size>
         <input_file_ref idref="fl-a"/>
      </object_component>
      <object_component id="oc-166">
         <name>.text:queue_Write</name>
         <load_address>0xc404</load_address>
         <run_address>0xc404</run_address>
         <size>0x72</size>
         <input_file_ref idref="fl-13"/>
      </object_component>
      <object_component id="oc-155">
         <name>.text:initClock</name>
         <load_address>0xc476</load_address>
         <run_address>0xc476</run_address>
         <size>0x6e</size>
         <input_file_ref idref="fl-12"/>
      </object_component>
      <object_component id="oc-1a6">
         <name>.text:usbSendNextPacketOnIEP0</name>
         <load_address>0xc4e4</load_address>
         <run_address>0xc4e4</run_address>
         <size>0x6c</size>
         <input_file_ref idref="fl-6"/>
      </object_component>
      <object_component id="oc-1a4">
         <name>.text:MscSendData</name>
         <load_address>0xc550</load_address>
         <run_address>0xc550</run_address>
         <size>0x68</size>
         <input_file_ref idref="fl-a"/>
      </object_component>
      <object_component id="oc-1aa">
         <name>.text:audio_CheckWavFmt</name>
         <load_address>0xc5b8</load_address>
         <run_address>0xc5b8</run_address>
         <size>0x68</size>
         <input_file_ref idref="fl-17"/>
      </object_component>
      <object_component id="oc-ea">
         <name>.text</name>
         <load_address>0xc620</load_address>
         <run_address>0xc620</run_address>
         <size>0x68</size>
         <input_file_ref idref="fl-3c"/>
      </object_component>
      <object_component id="oc-15e">
         <name>.text:f_readdir</name>
         <load_address>0xc688</load_address>
         <run_address>0xc688</run_address>
         <size>0x64</size>
         <input_file_ref idref="fl-3"/>
      </object_component>
      <object_component id="oc-18a">
         <name>.text:dir_read</name>
         <load_address>0xc6ec</load_address>
         <run_address>0xc6ec</run_address>
         <size>0x5e</size>
         <input_file_ref idref="fl-3"/>
      </object_component>
      <object_component id="oc-1f6">
         <name>.text:__mpyll</name>
         <load_address>0xc74a</load_address>
         <run_address>0xc74a</run_address>
         <size>0x5a</size>
         <input_file_ref idref="fl-52"/>
      </object_component>
      <object_component id="oc-1b2">
         <name>.text:dir_find</name>
         <load_address>0xc7a4</load_address>
         <run_address>0xc7a4</run_address>
         <size>0x5a</size>
         <input_file_ref idref="fl-3"/>
      </object_component>
      <object_component id="oc-da">
         <name>.text</name>
         <load_address>0xc7fe</load_address>
         <run_address>0xc7fe</run_address>
         <size>0x58</size>
         <input_file_ref idref="fl-38"/>
      </object_component>
      <object_component id="oc-1d1">
         <name>.text:xmit_datablock</name>
         <load_address>0xc856</load_address>
         <run_address>0xc856</run_address>
         <size>0x58</size>
         <input_file_ref idref="fl-2"/>
      </object_component>
      <object_component id="oc-1cb">
         <name>.text:SDCard_init</name>
         <load_address>0xc8ae</load_address>
         <run_address>0xc8ae</run_address>
         <size>0x56</size>
         <input_file_ref idref="fl-4"/>
      </object_component>
      <object_component id="oc-17b">
         <name>.text:initAudio</name>
         <load_address>0xc904</load_address>
         <run_address>0xc904</run_address>
         <size>0x56</size>
         <input_file_ref idref="fl-17"/>
      </object_component>
      <object_component id="oc-1d2">
         <name>.text:atoi</name>
         <load_address>0xc95a</load_address>
         <run_address>0xc95a</run_address>
         <size>0x54</size>
         <input_file_ref idref="fl-4d"/>
      </object_component>
      <object_component id="oc-1bd">
         <name>.text:rcvr_datablock</name>
         <load_address>0xc9ae</load_address>
         <run_address>0xc9ae</run_address>
         <size>0x54</size>
         <input_file_ref idref="fl-2"/>
      </object_component>
      <object_component id="oc-1a5">
         <name>.text:usbReceiveNextPacketOnOEP0</name>
         <load_address>0xca02</load_address>
         <run_address>0xca02</run_address>
         <size>0x50</size>
         <input_file_ref idref="fl-6"/>
      </object_component>
      <object_component id="oc-1c6">
         <name>.text:Msc_ResetStruct</name>
         <load_address>0xca52</load_address>
         <run_address>0xca52</run_address>
         <size>0x4c</size>
         <input_file_ref idref="fl-a"/>
      </object_component>
      <object_component id="oc-180">
         <name>.text:queue_ThrowData</name>
         <load_address>0xca9e</load_address>
         <run_address>0xca9e</run_address>
         <size>0x4c</size>
         <input_file_ref idref="fl-13"/>
      </object_component>
      <object_component id="oc-171">
         <name>.text:PWRVBUSoffHandler</name>
         <load_address>0xcaea</load_address>
         <run_address>0xcaea</run_address>
         <size>0x48</size>
         <input_file_ref idref="fl-c"/>
      </object_component>
      <object_component id="oc-16a">
         <name>.text:SetupPacketInterruptHandler</name>
         <load_address>0xcb32</load_address>
         <run_address>0xcb32</run_address>
         <size>0x48</size>
         <input_file_ref idref="fl-c"/>
      </object_component>
      <object_component id="oc-14c">
         <name>.text:_auto_init</name>
         <load_address>0xcb7a</load_address>
         <run_address>0xcb7a</run_address>
         <size>0x48</size>
         <input_file_ref idref="fl-4e"/>
      </object_component>
      <object_component id="oc-1e5">
         <name>.text:usbSetEndpointFeature</name>
         <load_address>0xcbc2</load_address>
         <run_address>0xcbc2</run_address>
         <size>0x48</size>
         <input_file_ref idref="fl-6"/>
      </object_component>
      <object_component id="oc-1de">
         <name>.text:usbGetStringDescriptor</name>
         <load_address>0xcc0a</load_address>
         <run_address>0xcc0a</run_address>
         <size>0x46</size>
         <input_file_ref idref="fl-6"/>
      </object_component>
      <object_component id="oc-1b8">
         <name>.text:_pproc_fflags</name>
         <load_address>0xcc50</load_address>
         <run_address>0xcc50</run_address>
         <size>0x44</size>
         <input_file_ref idref="fl-4b"/>
      </object_component>
      <object_component id="oc-1f9">
         <name>.text:__lslll</name>
         <load_address>0xcc94</load_address>
         <run_address>0xcc94</run_address>
         <size>0x3e</size>
         <input_file_ref idref="fl-50"/>
      </object_component>
      <object_component id="oc-1f7">
         <name>.text:__lsrll</name>
         <load_address>0xccd2</load_address>
         <run_address>0xccd2</run_address>
         <size>0x3e</size>
         <input_file_ref idref="fl-50"/>
      </object_component>
      <object_component id="oc-197">
         <name>.text:clust2sect</name>
         <load_address>0xcd10</load_address>
         <run_address>0xcd10</run_address>
         <size>0x3e</size>
         <input_file_ref idref="fl-3"/>
      </object_component>
      <object_component id="oc-191">
         <name>.text:l_lsl_const</name>
         <load_address>0xcd4e</load_address>
         <run_address>0xcd4e</run_address>
         <size>0x3e</size>
         <input_file_ref idref="fl-3e"/>
      </object_component>
      <object_component id="oc-195">
         <name>.text:l_lsr_const</name>
         <load_address>0xcd8c</load_address>
         <run_address>0xcd8c</run_address>
         <size>0x3e</size>
         <input_file_ref idref="fl-3f"/>
      </object_component>
      <object_component id="oc-163">
         <name>.text:sprintf</name>
         <load_address>0xcdca</load_address>
         <run_address>0xcdca</run_address>
         <size>0x38</size>
         <input_file_ref idref="fl-47"/>
      </object_component>
      <object_component id="oc-1eb">
         <name>.text:wait_ready</name>
         <load_address>0xce02</load_address>
         <run_address>0xce02</run_address>
         <size>0x38</size>
         <input_file_ref idref="fl-2"/>
      </object_component>
      <object_component id="oc-173">
         <name>.text:PWRVBUSonHandler</name>
         <load_address>0xce3a</load_address>
         <run_address>0xce3a</run_address>
         <size>0x36</size>
         <input_file_ref idref="fl-c"/>
      </object_component>
      <object_component id="oc-17a">
         <name>.text:changefre</name>
         <load_address>0xce70</load_address>
         <run_address>0xce70</run_address>
         <size>0x36</size>
         <input_file_ref idref="fl-12"/>
      </object_component>
      <object_component id="oc-e6">
         <name>.text</name>
         <load_address>0xcea6</load_address>
         <run_address>0xcea6</run_address>
         <size>0x36</size>
         <input_file_ref idref="fl-3b"/>
      </object_component>
      <object_component id="oc-156">
         <name>.text:scomm_ini</name>
         <load_address>0xcedc</load_address>
         <run_address>0xcedc</run_address>
         <size>0x36</size>
         <input_file_ref idref="fl-12"/>
      </object_component>
      <object_component id="oc-161">
         <name>.text:strstr</name>
         <load_address>0xcf12</load_address>
         <run_address>0xcf12</run_address>
         <size>0x36</size>
         <input_file_ref idref="fl-49"/>
      </object_component>
      <object_component id="oc-1ea">
         <name>.text:SDCard_readFrame</name>
         <load_address>0xcf48</load_address>
         <run_address>0xcf48</run_address>
         <size>0x34</size>
         <input_file_ref idref="fl-4"/>
      </object_component>
      <object_component id="oc-19f">
         <name>.text:USBMSC_reset</name>
         <load_address>0xcf7c</load_address>
         <run_address>0xcf7c</run_address>
         <size>0x34</size>
         <input_file_ref idref="fl-b"/>
      </object_component>
      <object_component id="oc-1ac">
         <name>.text:audio_CheckRIFFHeader</name>
         <load_address>0xcfb0</load_address>
         <run_address>0xcfb0</run_address>
         <size>0x34</size>
         <input_file_ref idref="fl-17"/>
      </object_component>
      <object_component id="oc-1e6">
         <name>.text:usbSetInterface</name>
         <load_address>0xcfe4</load_address>
         <run_address>0xcfe4</run_address>
         <size>0x32</size>
         <input_file_ref idref="fl-6"/>
      </object_component>
      <object_component id="oc-1c4">
         <name>.text:Msc_ResetStateMachine</name>
         <load_address>0xd016</load_address>
         <run_address>0xd016</run_address>
         <size>0x30</size>
         <input_file_ref idref="fl-9"/>
      </object_component>
      <object_component id="oc-1c3">
         <name>.text:XT2_Start</name>
         <load_address>0xd046</load_address>
         <run_address>0xd046</run_address>
         <size>0x30</size>
         <input_file_ref idref="fl-d"/>
      </object_component>
      <object_component id="oc-15c">
         <name>.text:f_mount</name>
         <load_address>0xd076</load_address>
         <run_address>0xd076</run_address>
         <size>0x2e</size>
         <input_file_ref idref="fl-3"/>
      </object_component>
      <object_component id="oc-1f0">
         <name>.text:SDCard_sendFrame</name>
         <load_address>0xd0a4</load_address>
         <run_address>0xd0a4</run_address>
         <size>0x2c</size>
         <input_file_ref idref="fl-4"/>
      </object_component>
      <object_component id="oc-16d">
         <name>.text:USB_suspend</name>
         <load_address>0xd0d0</load_address>
         <run_address>0xd0d0</run_address>
         <size>0x2c</size>
         <input_file_ref idref="fl-6"/>
      </object_component>
      <object_component id="oc-189">
         <name>.text:validate</name>
         <load_address>0xd0fc</load_address>
         <run_address>0xd0fc</run_address>
         <size>0x2c</size>
         <input_file_ref idref="fl-3"/>
      </object_component>
      <object_component id="oc-157">
         <name>.text:ini_myaudio</name>
         <load_address>0xd128</load_address>
         <run_address>0xd128</run_address>
         <size>0x2a</size>
         <input_file_ref idref="fl-12"/>
      </object_component>
      <object_component id="oc-1e0">
         <name>.text:usbGetDeviceStatus</name>
         <load_address>0xd152</load_address>
         <run_address>0xd152</run_address>
         <size>0x2a</size>
         <input_file_ref idref="fl-6"/>
      </object_component>
      <object_component id="oc-168">
         <name>.text:audio_DecoderReset</name>
         <load_address>0xd17c</load_address>
         <run_address>0xd17c</run_address>
         <size>0x26</size>
         <input_file_ref idref="fl-17"/>
      </object_component>
      <object_component id="oc-178">
         <name>.text:OEP0InterruptHandler</name>
         <load_address>0xd1a2</load_address>
         <run_address>0xd1a2</run_address>
         <size>0x24</size>
         <input_file_ref idref="fl-c"/>
      </object_component>
      <object_component id="oc-1a0">
         <name>.text:MscResetData</name>
         <load_address>0xd1c6</load_address>
         <run_address>0xd1c6</run_address>
         <size>0x22</size>
         <input_file_ref idref="fl-a"/>
      </object_component>
      <object_component id="oc-1a8">
         <name>.text:memcmp</name>
         <load_address>0xd1e8</load_address>
         <run_address>0xd1e8</run_address>
         <size>0x22</size>
         <input_file_ref idref="fl-40"/>
      </object_component>
      <object_component id="oc-10b">
         <name>.text</name>
         <load_address>0xd20a</load_address>
         <run_address>0xd20a</run_address>
         <size>0x22</size>
         <input_file_ref idref="fl-45"/>
      </object_component>
      <object_component id="oc-160">
         <name>.text:strupr</name>
         <load_address>0xd22c</load_address>
         <run_address>0xd22c</run_address>
         <size>0x22</size>
         <input_file_ref idref="fl-12"/>
      </object_component>
      <object_component id="oc-1f2">
         <name>.text:usbSendDataPacketOnEP0</name>
         <load_address>0xd24e</load_address>
         <run_address>0xd24e</run_address>
         <size>0x22</size>
         <input_file_ref idref="fl-6"/>
      </object_component>
      <object_component id="oc-1ae">
         <name>.text:disk_status</name>
         <load_address>0xd270</load_address>
         <run_address>0xd270</run_address>
         <size>0x20</size>
         <input_file_ref idref="fl-2"/>
      </object_component>
      <object_component id="oc-1ad">
         <name>.text:tft_AddTxData</name>
         <load_address>0xd290</load_address>
         <run_address>0xd290</run_address>
         <size>0x20</size>
         <input_file_ref idref="fl-16"/>
      </object_component>
      <object_component id="oc-1c1">
         <name>.text:usbSetAddress</name>
         <load_address>0xd2b0</load_address>
         <run_address>0xd2b0</run_address>
         <size>0x20</size>
         <input_file_ref idref="fl-6"/>
      </object_component>
      <object_component id="oc-1e3">
         <name>.text:usbSetConfiguration</name>
         <load_address>0xd2d0</load_address>
         <run_address>0xd2d0</run_address>
         <size>0x20</size>
         <input_file_ref idref="fl-6"/>
      </object_component>
      <object_component id="oc-1df">
         <name>.text:usbGetInterface</name>
         <load_address>0xd2f0</load_address>
         <run_address>0xd2f0</run_address>
         <size>0x1e</size>
         <input_file_ref idref="fl-6"/>
      </object_component>
      <object_component id="oc-1e1">
         <name>.text:usbGetInterfaceStatus</name>
         <load_address>0xd30e</load_address>
         <run_address>0xd30e</run_address>
         <size>0x1e</size>
         <input_file_ref idref="fl-6"/>
      </object_component>
      <object_component id="oc-179">
         <name>.text:IEP0InterruptHandler</name>
         <load_address>0xd32c</load_address>
         <run_address>0xd32c</run_address>
         <size>0x1c</size>
         <input_file_ref idref="fl-c"/>
      </object_component>
      <object_component id="oc-159">
         <name>.text:interrupt_key</name>
         <load_address>0xd348</load_address>
         <run_address>0xd348</run_address>
         <size>0x1c</size>
         <input_file_ref idref="fl-12"/>
      </object_component>
      <object_component id="oc-1d4">
         <name>.text:memccpy</name>
         <load_address>0xd364</load_address>
         <run_address>0xd364</run_address>
         <size>0x1c</size>
         <input_file_ref idref="fl-51"/>
      </object_component>
      <object_component id="oc-1d8">
         <name>.text:Get_MaxLUN</name>
         <load_address>0xd380</load_address>
         <run_address>0xd380</run_address>
         <size>0x1a</size>
         <input_file_ref idref="fl-b"/>
      </object_component>
      <object_component id="oc-1a1">
         <name>.text:USB_connect</name>
         <load_address>0xd39a</load_address>
         <run_address>0xd39a</run_address>
         <size>0x1a</size>
         <input_file_ref idref="fl-6"/>
      </object_component>
      <object_component id="oc-16b">
         <name>.text:USB_resume</name>
         <load_address>0xd3b4</load_address>
         <run_address>0xd3b4</run_address>
         <size>0x18</size>
         <input_file_ref idref="fl-6"/>
      </object_component>
      <object_component id="oc-192">
         <name>.text:_outs</name>
         <load_address>0xd3cc</load_address>
         <run_address>0xd3cc</run_address>
         <size>0x18</size>
         <input_file_ref idref="fl-47"/>
      </object_component>
      <object_component id="oc-1d5">
         <name>.text:select</name>
         <load_address>0xd3e4</load_address>
         <run_address>0xd3e4</run_address>
         <size>0x18</size>
         <input_file_ref idref="fl-2"/>
      </object_component>
      <object_component id="oc-1d9">
         <name>.text:usbClearDeviceFeature</name>
         <load_address>0xd3fc</load_address>
         <run_address>0xd3fc</run_address>
         <size>0x18</size>
         <input_file_ref idref="fl-6"/>
      </object_component>
      <object_component id="oc-1e4">
         <name>.text:usbSetDeviceFeature</name>
         <load_address>0xd414</load_address>
         <run_address>0xd414</run_address>
         <size>0x18</size>
         <input_file_ref idref="fl-6"/>
      </object_component>
      <object_component id="oc-17c">
         <name>.text:initQueue</name>
         <load_address>0xd42c</load_address>
         <run_address>0xd42c</run_address>
         <size>0x16</size>
         <input_file_ref idref="fl-13"/>
      </object_component>
      <object_component id="oc-d6">
         <name>.text</name>
         <load_address>0xd442</load_address>
         <run_address>0xd442</run_address>
         <size>0x16</size>
         <input_file_ref idref="fl-37"/>
      </object_component>
      <object_component id="oc-107">
         <name>.text</name>
         <load_address>0xd458</load_address>
         <run_address>0xd458</run_address>
         <size>0x16</size>
         <input_file_ref idref="fl-44"/>
      </object_component>
      <object_component id="oc-1dd">
         <name>.text:usbGetConfigurationDescriptor</name>
         <load_address>0xd46e</load_address>
         <run_address>0xd46e</run_address>
         <size>0x16</size>
         <input_file_ref idref="fl-6"/>
      </object_component>
      <object_component id="oc-1dc">
         <name>.text:usbGetDeviceDescriptor</name>
         <load_address>0xd484</load_address>
         <run_address>0xd484</run_address>
         <size>0x16</size>
         <input_file_ref idref="fl-6"/>
      </object_component>
      <object_component id="oc-174">
         <name>.text:USB_handleVbusOnEvent</name>
         <load_address>0xd49a</load_address>
         <run_address>0xd49a</run_address>
         <size>0x14</size>
         <input_file_ref idref="fl-5"/>
      </object_component>
      <object_component id="oc-1cf">
         <name>.text:chk_chr</name>
         <load_address>0xd4ae</load_address>
         <run_address>0xd4ae</run_address>
         <size>0x14</size>
         <input_file_ref idref="fl-3"/>
      </object_component>
      <object_component id="oc-169">
         <name>.text:f_close</name>
         <load_address>0xd4c2</load_address>
         <run_address>0xd4c2</run_address>
         <size>0x14</size>
         <input_file_ref idref="fl-3"/>
      </object_component>
      <object_component id="oc-1d0">
         <name>.text:mem_cmp</name>
         <load_address>0xd4d6</load_address>
         <run_address>0xd4d6</run_address>
         <size>0x14</size>
         <input_file_ref idref="fl-3"/>
      </object_component>
      <object_component id="oc-1c8">
         <name>.text:memset</name>
         <load_address>0xd4ea</load_address>
         <run_address>0xd4ea</run_address>
         <size>0x14</size>
         <input_file_ref idref="fl-42"/>
      </object_component>
      <object_component id="oc-184">
         <name>.text:tft_SendData</name>
         <load_address>0xd4fe</load_address>
         <run_address>0xd4fe</run_address>
         <size>0x14</size>
         <input_file_ref idref="fl-16"/>
      </object_component>
      <object_component id="oc-183">
         <name>.text:tft_SendIndex</name>
         <load_address>0xd512</load_address>
         <run_address>0xd512</run_address>
         <size>0x14</size>
         <input_file_ref idref="fl-16"/>
      </object_component>
      <object_component id="oc-1db">
         <name>.text:usbGetConfiguration</name>
         <load_address>0xd526</load_address>
         <run_address>0xd526</run_address>
         <size>0x14</size>
         <input_file_ref idref="fl-6"/>
      </object_component>
      <object_component id="oc-1ce">
         <name>.text:SDCard_fastMode</name>
         <load_address>0xd53a</load_address>
         <run_address>0xd53a</run_address>
         <size>0x12</size>
         <input_file_ref idref="fl-4"/>
      </object_component>
      <object_component id="oc-193">
         <name>.text:_outc</name>
         <load_address>0xd54c</load_address>
         <run_address>0xd54c</run_address>
         <size>0x12</size>
         <input_file_ref idref="fl-47"/>
      </object_component>
      <object_component id="oc-1be">
         <name>.text:deselect</name>
         <load_address>0xd55e</load_address>
         <run_address>0xd55e</run_address>
         <size>0x12</size>
         <input_file_ref idref="fl-2"/>
      </object_component>
      <object_component id="oc-154">
         <name>.text:memcpy</name>
         <load_address>0xd570</load_address>
         <run_address>0xd570</run_address>
         <size>0x12</size>
         <input_file_ref idref="fl-41"/>
      </object_component>
      <object_component id="oc-17d">
         <name>.text:audio_SetWavStream</name>
         <load_address>0xd582</load_address>
         <run_address>0xd582</run_address>
         <size>0x10</size>
         <input_file_ref idref="fl-17"/>
      </object_component>
      <object_component id="oc-1f1">
         <name>.text:l_lsl</name>
         <load_address>0xd592</load_address>
         <run_address>0xd592</run_address>
         <size>0x10</size>
         <input_file_ref idref="fl-3e"/>
      </object_component>
      <object_component id="oc-1fa">
         <name>.text:l_lsr</name>
         <load_address>0xd5a2</load_address>
         <run_address>0xd5a2</run_address>
         <size>0x10</size>
         <input_file_ref idref="fl-3f"/>
      </object_component>
      <object_component id="oc-199">
         <name>.text:mem_cpy</name>
         <load_address>0xd5b2</load_address>
         <run_address>0xd5b2</run_address>
         <size>0x10</size>
         <input_file_ref idref="fl-3"/>
      </object_component>
      <object_component id="oc-1b4">
         <name>.text:mem_set</name>
         <load_address>0xd5c2</load_address>
         <run_address>0xd5c2</run_address>
         <size>0x10</size>
         <input_file_ref idref="fl-3"/>
      </object_component>
      <object_component id="oc-15f">
         <name>.text:strcpy</name>
         <load_address>0xd5d2</load_address>
         <run_address>0xd5d2</run_address>
         <size>0x10</size>
         <input_file_ref idref="fl-48"/>
      </object_component>
      <object_component id="oc-1b7">
         <name>.text:strlen</name>
         <load_address>0xd5e2</load_address>
         <run_address>0xd5e2</run_address>
         <size>0xe</size>
         <input_file_ref idref="fl-53"/>
      </object_component>
      <object_component id="oc-182">
         <name>.text:tft_SendCmd</name>
         <load_address>0xd5f0</load_address>
         <run_address>0xd5f0</run_address>
         <size>0xe</size>
         <input_file_ref idref="fl-16"/>
      </object_component>
      <object_component id="oc-1e7">
         <name>.text:usbInvalidRequest</name>
         <load_address>0xd5fe</load_address>
         <run_address>0xd5fe</run_address>
         <size>0xe</size>
         <input_file_ref idref="fl-6"/>
      </object_component>
      <object_component id="oc-1c7">
         <name>.text:usbSendZeroLengthPacketOnIEP0</name>
         <load_address>0xd60c</load_address>
         <run_address>0xd60c</run_address>
         <size>0xe</size>
         <input_file_ref idref="fl-6"/>
      </object_component>
      <object_component id="oc-17e">
         <name>.text:queue_CanRead</name>
         <load_address>0xd61a</load_address>
         <run_address>0xd61a</run_address>
         <size>0xc</size>
         <input_file_ref idref="fl-13"/>
      </object_component>
      <object_component id="oc-18e">
         <name>.text:get_fattime</name>
         <load_address>0xd626</load_address>
         <run_address>0xd626</run_address>
         <size>0xa</size>
         <input_file_ref idref="fl-2"/>
      </object_component>
      <object_component id="oc-ee">
         <name>.text</name>
         <load_address>0xd630</load_address>
         <run_address>0xd630</run_address>
         <size>0xa</size>
         <input_file_ref idref="fl-3d"/>
      </object_component>
      <object_component id="oc-1e8">
         <name>.text:usbStallEndpoint0</name>
         <load_address>0xd63a</load_address>
         <run_address>0xd63a</run_address>
         <size>0xa</size>
         <input_file_ref idref="fl-6"/>
      </object_component>
      <object_component id="oc-1cc">
         <name>.text:SDCard_setCSHigh</name>
         <load_address>0xd644</load_address>
         <run_address>0xd644</run_address>
         <size>0x8</size>
         <input_file_ref idref="fl-4"/>
      </object_component>
      <object_component id="oc-1ef">
         <name>.text:SDCard_setCSLow</name>
         <load_address>0xd64c</load_address>
         <run_address>0xd64c</run_address>
         <size>0x8</size>
         <input_file_ref idref="fl-4"/>
      </object_component>
      <object_component id="oc-19a">
         <name>.text:audio_OutputShutDown</name>
         <load_address>0xd654</load_address>
         <run_address>0xd654</run_address>
         <size>0x8</size>
         <input_file_ref idref="fl-17"/>
      </object_component>
      <object_component id="oc-1ab">
         <name>.text:audio_OutputTurnOn</name>
         <load_address>0xd65c</load_address>
         <run_address>0xd65c</run_address>
         <size>0x8</size>
         <input_file_ref idref="fl-17"/>
      </object_component>
      <object_component id="oc-1c5">
         <name>.text:Msc_ResetFlags</name>
         <load_address>0xd664</load_address>
         <run_address>0xd664</run_address>
         <size>0x6</size>
         <input_file_ref idref="fl-a"/>
      </object_component>
      <object_component id="oc-1a7">
         <name>.text:audio_SetOutput</name>
         <load_address>0xd66a</load_address>
         <run_address>0xd66a</run_address>
         <size>0x6</size>
         <input_file_ref idref="fl-17"/>
      </object_component>
      <object_component id="oc-164">
         <name>.text:queue_CanWrite</name>
         <load_address>0xd670</load_address>
         <run_address>0xd670</run_address>
         <size>0x6</size>
         <input_file_ref idref="fl-13"/>
      </object_component>
      <object_component id="oc-1cd">
         <name>.text:rcvr_mmc</name>
         <load_address>0xd676</load_address>
         <run_address>0xd676</run_address>
         <size>0x6</size>
         <input_file_ref idref="fl-2"/>
      </object_component>
      <object_component id="oc-1ca">
         <name>.text:usbClearOEP0ByteCount</name>
         <load_address>0xd67c</load_address>
         <run_address>0xd67c</run_address>
         <size>0x6</size>
         <input_file_ref idref="fl-6"/>
      </object_component>
      <object_component id="oc-1c9">
         <name>.text:usbStallOEP0</name>
         <load_address>0xd682</load_address>
         <run_address>0xd682</run_address>
         <size>0x6</size>
         <input_file_ref idref="fl-6"/>
      </object_component>
      <object_component id="oc-1d6">
         <name>.text:xmit_mmc</name>
         <load_address>0xd688</load_address>
         <run_address>0xd688</run_address>
         <size>0x6</size>
         <input_file_ref idref="fl-2"/>
      </object_component>
      <object_component id="oc-1a3">
         <name>.text:USBMSC_handleBufferEvent</name>
         <load_address>0xd68e</load_address>
         <run_address>0xd68e</run_address>
         <size>0x4</size>
         <input_file_ref idref="fl-5"/>
      </object_component>
      <object_component id="oc-175">
         <name>.text:USB_handleClockEvent</name>
         <load_address>0xd692</load_address>
         <run_address>0xd692</run_address>
         <size>0x4</size>
         <input_file_ref idref="fl-5"/>
      </object_component>
      <object_component id="oc-1c2">
         <name>.text:USB_handleEnumCompleteEvent</name>
         <load_address>0xd696</load_address>
         <run_address>0xd696</run_address>
         <size>0x4</size>
         <input_file_ref idref="fl-5"/>
      </object_component>
      <object_component id="oc-170">
         <name>.text:USB_handleResetEvent</name>
         <load_address>0xd69a</load_address>
         <run_address>0xd69a</run_address>
         <size>0x4</size>
         <input_file_ref idref="fl-5"/>
      </object_component>
      <object_component id="oc-16c">
         <name>.text:USB_handleResumeEvent</name>
         <load_address>0xd69e</load_address>
         <run_address>0xd69e</run_address>
         <size>0x4</size>
         <input_file_ref idref="fl-5"/>
      </object_component>
      <object_component id="oc-16e">
         <name>.text:USB_handleSuspendEvent</name>
         <load_address>0xd6a2</load_address>
         <run_address>0xd6a2</run_address>
         <size>0x4</size>
         <input_file_ref idref="fl-5"/>
      </object_component>
      <object_component id="oc-172">
         <name>.text:USB_handleVbusOffEvent</name>
         <load_address>0xd6a6</load_address>
         <run_address>0xd6a6</run_address>
         <size>0x4</size>
         <input_file_ref idref="fl-5"/>
      </object_component>
      <object_component id="oc-14b">
         <name>.text:_system_pre_init</name>
         <load_address>0xd6aa</load_address>
         <run_address>0xd6aa</run_address>
         <size>0x4</size>
         <input_file_ref idref="fl-46"/>
      </object_component>
      <object_component id="oc-14e">
         <name>.text:abort</name>
         <load_address>0xd6ae</load_address>
         <run_address>0xd6ae</run_address>
         <size>0x4</size>
         <input_file_ref idref="fl-39"/>
      </object_component>
      <object_component id="oc-14a">
         <name>.text:_nop</name>
         <load_address>0xd6b2</load_address>
         <run_address>0xd6b2</run_address>
         <size>0x2</size>
         <input_file_ref idref="fl-4a"/>
      </object_component>
      <object_component id="oc-151">
         <name>.text:_isr:USCI_A1_ISR</name>
         <load_address>0x8000</load_address>
         <run_address>0x8000</run_address>
         <size>0x14e</size>
         <input_file_ref idref="fl-12"/>
      </object_component>
      <object_component id="oc-14f">
         <name>.text:_isr:iUsbInterruptHandler</name>
         <load_address>0x814e</load_address>
         <run_address>0x814e</run_address>
         <size>0x10e</size>
         <input_file_ref idref="fl-c"/>
      </object_component>
      <object_component id="oc-153">
         <name>.text:_isr:audioTimerInterrupt</name>
         <load_address>0x825c</load_address>
         <run_address>0x825c</run_address>
         <size>0x9a</size>
         <input_file_ref idref="fl-17"/>
      </object_component>
      <object_component id="oc-152">
         <name>.text:_isr:Port_4</name>
         <load_address>0x82f6</load_address>
         <run_address>0x82f6</run_address>
         <size>0x8e</size>
         <input_file_ref idref="fl-12"/>
      </object_component>
      <object_component id="oc-4f">
         <name>.text:_isr:_c_int00_noexit</name>
         <load_address>0x8384</load_address>
         <run_address>0x8384</run_address>
         <size>0x2a</size>
         <input_file_ref idref="fl-32"/>
      </object_component>
      <object_component id="oc-150">
         <name>.text:_isr:TIMER0_A0_ISR</name>
         <load_address>0x83ae</load_address>
         <run_address>0x83ae</run_address>
         <size>0x8</size>
         <input_file_ref idref="fl-12"/>
      </object_component>
      <object_component id="oc-79">
         <name>.cinit</name>
         <load_address>0x83b6</load_address>
         <run_address>0x83b6</run_address>
         <size>0x2a</size>
         <input_file_ref idref="fl-a"/>
      </object_component>
      <object_component id="oc-ab">
         <name>.cinit</name>
         <load_address>0x83e0</load_address>
         <run_address>0x83e0</run_address>
         <size>0x23</size>
         <input_file_ref idref="fl-14"/>
      </object_component>
      <object_component id="oc-a0">
         <name>.cinit</name>
         <load_address>0x8404</load_address>
         <run_address>0x8404</run_address>
         <size>0x1e</size>
         <input_file_ref idref="fl-12"/>
      </object_component>
      <object_component id="oc-66">
         <name>.cinit</name>
         <load_address>0x8422</load_address>
         <run_address>0x8422</run_address>
         <size>0x18</size>
         <input_file_ref idref="fl-6"/>
      </object_component>
      <object_component id="oc-bb">
         <name>.cinit</name>
         <load_address>0x843a</load_address>
         <run_address>0x843a</run_address>
         <size>0x16</size>
         <input_file_ref idref="fl-17"/>
      </object_component>
      <object_component id="oc-52">
         <name>.cinit</name>
         <load_address>0x8450</load_address>
         <run_address>0x8450</run_address>
         <size>0xb</size>
         <input_file_ref idref="fl-2"/>
      </object_component>
      <object_component id="oc-185">
         <name>.const:.string:tft_ascii</name>
         <load_address>0xd6b4</load_address>
         <run_address>0xd6b4</run_address>
         <size>0x1010</size>
         <input_file_ref idref="fl-15"/>
      </object_component>
      <object_component id="oc-1ec">
         <name>.const:.string:_ctypes_</name>
         <load_address>0xe6c4</load_address>
         <run_address>0xe6c4</run_address>
         <size>0x102</size>
         <input_file_ref idref="fl-4f"/>
      </object_component>
      <object_component id="oc-1c0">
         <name>.const:tUsbRequestList</name>
         <load_address>0xe7c6</load_address>
         <run_address>0xe7c6</run_address>
         <size>0xfc</size>
         <input_file_ref idref="fl-8"/>
      </object_component>
      <object_component id="oc-1f4">
         <name>.const:.string:abromStringDescriptor</name>
         <load_address>0xe8c2</load_address>
         <run_address>0xe8c2</run_address>
         <size>0x76</size>
         <input_file_ref idref="fl-8"/>
      </object_component>
      <object_component id="oc-a1">
         <name>.const:.string</name>
         <load_address>0xe938</load_address>
         <run_address>0xe938</run_address>
         <size>0x68</size>
         <input_file_ref idref="fl-12"/>
      </object_component>
      <object_component id="oc-125">
         <name>.const:.string</name>
         <load_address>0xe9a0</load_address>
         <run_address>0xe9a0</run_address>
         <size>0x24</size>
         <input_file_ref idref="fl-4b"/>
      </object_component>
      <object_component id="oc-67">
         <name>.const:.string</name>
         <load_address>0xe9c4</load_address>
         <run_address>0xe9c4</run_address>
         <size>0x20</size>
         <input_file_ref idref="fl-6"/>
      </object_component>
      <object_component id="oc-71">
         <name>.const</name>
         <load_address>0xe9e4</load_address>
         <run_address>0xe9e4</run_address>
         <size>0x20</size>
         <input_file_ref idref="fl-8"/>
      </object_component>
      <object_component id="oc-bc">
         <name>.const:.string</name>
         <load_address>0xea04</load_address>
         <run_address>0xea04</run_address>
         <size>0x18</size>
         <input_file_ref idref="fl-17"/>
      </object_component>
      <object_component id="oc-1f3">
         <name>.const:.string:abromDeviceDescriptor</name>
         <load_address>0xea1c</load_address>
         <run_address>0xea1c</run_address>
         <size>0x12</size>
         <input_file_ref idref="fl-8"/>
      </object_component>
      <object_component id="oc-58">
         <name>.const:.string</name>
         <load_address>0xea2e</load_address>
         <run_address>0xea2e</run_address>
         <size>0x10</size>
         <input_file_ref idref="fl-3"/>
      </object_component>
      <object_component id="oc-7a">
         <name>.const</name>
         <load_address>0xea3e</load_address>
         <run_address>0xea3e</run_address>
         <size>0x10</size>
         <input_file_ref idref="fl-a"/>
      </object_component>
      <object_component id="oc-19e">
         <name>.const:stUsbHandle</name>
         <load_address>0xea4e</load_address>
         <run_address>0xea4e</run_address>
         <size>0x10</size>
         <input_file_ref idref="fl-8"/>
      </object_component>
      <object_component id="oc-ac">
         <name>.const</name>
         <load_address>0xea5e</load_address>
         <run_address>0xea5e</run_address>
         <size>0x2</size>
         <input_file_ref idref="fl-14"/>
      </object_component>
      <object_component id="oc-9f">
         <name>.int37</name>
         <load_address>0xffca</load_address>
         <run_address>0xffca</run_address>
         <size>0x2</size>
         <input_file_ref idref="fl-12"/>
      </object_component>
      <object_component id="oc-ba">
         <name>.int40</name>
         <load_address>0xffd0</load_address>
         <run_address>0xffd0</run_address>
         <size>0x2</size>
         <input_file_ref idref="fl-17"/>
      </object_component>
      <object_component id="oc-9e">
         <name>.int46</name>
         <load_address>0xffdc</load_address>
         <run_address>0xffdc</run_address>
         <size>0x2</size>
         <input_file_ref idref="fl-12"/>
      </object_component>
      <object_component id="oc-83">
         <name>.int51</name>
         <load_address>0xffe6</load_address>
         <run_address>0xffe6</run_address>
         <size>0x2</size>
         <input_file_ref idref="fl-c"/>
      </object_component>
      <object_component id="oc-9d">
         <name>.int53</name>
         <load_address>0xffea</load_address>
         <run_address>0xffea</run_address>
         <size>0x2</size>
         <input_file_ref idref="fl-12"/>
      </object_component>
      <object_component id="oc-c3">
         <name>.reset</name>
         <load_address>0xfffe</load_address>
         <run_address>0xfffe</run_address>
         <size>0x2</size>
         <input_file_ref idref="fl-32"/>
      </object_component>
      <object_component id="oc-51">
         <name>.debug_info</name>
         <load_address>0x0</load_address>
         <run_address>0x0</run_address>
         <size>0x108b</size>
         <input_file_ref idref="fl-2"/>
      </object_component>
      <object_component id="oc-57">
         <name>.debug_info</name>
         <load_address>0x108b</load_address>
         <run_address>0x108b</run_address>
         <size>0x24f4</size>
         <input_file_ref idref="fl-3"/>
      </object_component>
      <object_component id="oc-5c">
         <name>.debug_info</name>
         <load_address>0x357f</load_address>
         <run_address>0x357f</run_address>
         <size>0x76a</size>
         <input_file_ref idref="fl-4"/>
      </object_component>
      <object_component id="oc-60">
         <name>.debug_info</name>
         <load_address>0x3ce9</load_address>
         <run_address>0x3ce9</run_address>
         <size>0x6b5</size>
         <input_file_ref idref="fl-5"/>
      </object_component>
      <object_component id="oc-65">
         <name>.debug_info</name>
         <load_address>0x439e</load_address>
         <run_address>0x439e</run_address>
         <size>0x2f03</size>
         <input_file_ref idref="fl-6"/>
      </object_component>
      <object_component id="oc-6c">
         <name>.debug_info</name>
         <load_address>0x72a1</load_address>
         <run_address>0x72a1</run_address>
         <size>0x3be</size>
         <input_file_ref idref="fl-7"/>
      </object_component>
      <object_component id="oc-70">
         <name>.debug_info</name>
         <load_address>0x765f</load_address>
         <run_address>0x765f</run_address>
         <size>0x107d</size>
         <input_file_ref idref="fl-8"/>
      </object_component>
      <object_component id="oc-73">
         <name>.debug_info</name>
         <load_address>0x86dc</load_address>
         <run_address>0x86dc</run_address>
         <size>0xb73</size>
         <input_file_ref idref="fl-9"/>
      </object_component>
      <object_component id="oc-78">
         <name>.debug_info</name>
         <load_address>0x924f</load_address>
         <run_address>0x924f</run_address>
         <size>0x1f84</size>
         <input_file_ref idref="fl-a"/>
      </object_component>
      <object_component id="oc-7e">
         <name>.debug_info</name>
         <load_address>0xb1d3</load_address>
         <run_address>0xb1d3</run_address>
         <size>0x960</size>
         <input_file_ref idref="fl-b"/>
      </object_component>
      <object_component id="oc-82">
         <name>.debug_info</name>
         <load_address>0xbb33</load_address>
         <run_address>0xbb33</run_address>
         <size>0xd32</size>
         <input_file_ref idref="fl-c"/>
      </object_component>
      <object_component id="oc-87">
         <name>.debug_info</name>
         <load_address>0xc865</load_address>
         <run_address>0xc865</run_address>
         <size>0x3e3</size>
         <input_file_ref idref="fl-d"/>
      </object_component>
      <object_component id="oc-8b">
         <name>.debug_info</name>
         <load_address>0xcc48</load_address>
         <run_address>0xcc48</run_address>
         <size>0x20a</size>
         <input_file_ref idref="fl-e"/>
      </object_component>
      <object_component id="oc-8f">
         <name>.debug_info</name>
         <load_address>0xce52</load_address>
         <run_address>0xce52</run_address>
         <size>0x2a5</size>
         <input_file_ref idref="fl-f"/>
      </object_component>
      <object_component id="oc-93">
         <name>.debug_info</name>
         <load_address>0xd0f7</load_address>
         <run_address>0xd0f7</run_address>
         <size>0x2be</size>
         <input_file_ref idref="fl-10"/>
      </object_component>
      <object_component id="oc-97">
         <name>.debug_info</name>
         <load_address>0xd3b5</load_address>
         <run_address>0xd3b5</run_address>
         <size>0x240</size>
         <input_file_ref idref="fl-11"/>
      </object_component>
      <object_component id="oc-9c">
         <name>.debug_info</name>
         <load_address>0xd5f5</load_address>
         <run_address>0xd5f5</run_address>
         <size>0x18c2</size>
         <input_file_ref idref="fl-12"/>
      </object_component>
      <object_component id="oc-a5">
         <name>.debug_info</name>
         <load_address>0xeeb7</load_address>
         <run_address>0xeeb7</run_address>
         <size>0x823</size>
         <input_file_ref idref="fl-13"/>
      </object_component>
      <object_component id="oc-aa">
         <name>.debug_info</name>
         <load_address>0xf6da</load_address>
         <run_address>0xf6da</run_address>
         <size>0x9af</size>
         <input_file_ref idref="fl-14"/>
      </object_component>
      <object_component id="oc-b0">
         <name>.debug_info</name>
         <load_address>0x10089</load_address>
         <run_address>0x10089</run_address>
         <size>0x636</size>
         <input_file_ref idref="fl-15"/>
      </object_component>
      <object_component id="oc-b4">
         <name>.debug_info</name>
         <load_address>0x106bf</load_address>
         <run_address>0x106bf</run_address>
         <size>0x978</size>
         <input_file_ref idref="fl-16"/>
      </object_component>
      <object_component id="oc-b9">
         <name>.debug_info</name>
         <load_address>0x11037</load_address>
         <run_address>0x11037</run_address>
         <size>0xfd6</size>
         <input_file_ref idref="fl-17"/>
      </object_component>
      <object_component id="oc-c1">
         <name>.debug_info</name>
         <load_address>0x1200d</load_address>
         <run_address>0x1200d</run_address>
         <size>0x443</size>
         <input_file_ref idref="fl-32"/>
      </object_component>
      <object_component id="oc-c7">
         <name>.debug_info</name>
         <load_address>0x12450</load_address>
         <run_address>0x12450</run_address>
         <size>0x275</size>
         <input_file_ref idref="fl-33"/>
      </object_component>
      <object_component id="oc-cb">
         <name>.debug_info</name>
         <load_address>0x126c5</load_address>
         <run_address>0x126c5</run_address>
         <size>0x26a</size>
         <input_file_ref idref="fl-34"/>
      </object_component>
      <object_component id="oc-cf">
         <name>.debug_info</name>
         <load_address>0x1292f</load_address>
         <run_address>0x1292f</run_address>
         <size>0x273</size>
         <input_file_ref idref="fl-35"/>
      </object_component>
      <object_component id="oc-d3">
         <name>.debug_info</name>
         <load_address>0x12ba2</load_address>
         <run_address>0x12ba2</run_address>
         <size>0x8b</size>
         <input_file_ref idref="fl-36"/>
      </object_component>
      <object_component id="oc-d7">
         <name>.debug_info</name>
         <load_address>0x12c2d</load_address>
         <run_address>0x12c2d</run_address>
         <size>0xb7</size>
         <input_file_ref idref="fl-37"/>
      </object_component>
      <object_component id="oc-db">
         <name>.debug_info</name>
         <load_address>0x12ce4</load_address>
         <run_address>0x12ce4</run_address>
         <size>0xb9</size>
         <input_file_ref idref="fl-38"/>
      </object_component>
      <object_component id="oc-de">
         <name>.debug_info</name>
         <load_address>0x12d9d</load_address>
         <run_address>0x12d9d</run_address>
         <size>0x28e</size>
         <input_file_ref idref="fl-39"/>
      </object_component>
      <object_component id="oc-e3">
         <name>.debug_info</name>
         <load_address>0x1302b</load_address>
         <run_address>0x1302b</run_address>
         <size>0xbb</size>
         <input_file_ref idref="fl-3a"/>
      </object_component>
      <object_component id="oc-e7">
         <name>.debug_info</name>
         <load_address>0x130e6</load_address>
         <run_address>0x130e6</run_address>
         <size>0xc4</size>
         <input_file_ref idref="fl-3b"/>
      </object_component>
      <object_component id="oc-eb">
         <name>.debug_info</name>
         <load_address>0x131aa</load_address>
         <run_address>0x131aa</run_address>
         <size>0xcd</size>
         <input_file_ref idref="fl-3c"/>
      </object_component>
      <object_component id="oc-ef">
         <name>.debug_info</name>
         <load_address>0x13277</load_address>
         <run_address>0x13277</run_address>
         <size>0xb4</size>
         <input_file_ref idref="fl-3d"/>
      </object_component>
      <object_component id="oc-f2">
         <name>.debug_info</name>
         <load_address>0x1332b</load_address>
         <run_address>0x1332b</run_address>
         <size>0xe6</size>
         <input_file_ref idref="fl-3e"/>
      </object_component>
      <object_component id="oc-f5">
         <name>.debug_info</name>
         <load_address>0x13411</load_address>
         <run_address>0x13411</run_address>
         <size>0xe6</size>
         <input_file_ref idref="fl-3f"/>
      </object_component>
      <object_component id="oc-f8">
         <name>.debug_info</name>
         <load_address>0x134f7</load_address>
         <run_address>0x134f7</run_address>
         <size>0x2ec</size>
         <input_file_ref idref="fl-40"/>
      </object_component>
      <object_component id="oc-fc">
         <name>.debug_info</name>
         <load_address>0x137e3</load_address>
         <run_address>0x137e3</run_address>
         <size>0x2a5</size>
         <input_file_ref idref="fl-41"/>
      </object_component>
      <object_component id="oc-100">
         <name>.debug_info</name>
         <load_address>0x13a88</load_address>
         <run_address>0x13a88</run_address>
         <size>0x2c4</size>
         <input_file_ref idref="fl-42"/>
      </object_component>
      <object_component id="oc-104">
         <name>.debug_info</name>
         <load_address>0x13d4c</load_address>
         <run_address>0x13d4c</run_address>
         <size>0x90</size>
         <input_file_ref idref="fl-43"/>
      </object_component>
      <object_component id="oc-108">
         <name>.debug_info</name>
         <load_address>0x13ddc</load_address>
         <run_address>0x13ddc</run_address>
         <size>0xc6</size>
         <input_file_ref idref="fl-44"/>
      </object_component>
      <object_component id="oc-10c">
         <name>.debug_info</name>
         <load_address>0x13ea2</load_address>
         <run_address>0x13ea2</run_address>
         <size>0xc6</size>
         <input_file_ref idref="fl-45"/>
      </object_component>
      <object_component id="oc-10f">
         <name>.debug_info</name>
         <load_address>0x13f68</load_address>
         <run_address>0x13f68</run_address>
         <size>0x220</size>
         <input_file_ref idref="fl-46"/>
      </object_component>
      <object_component id="oc-113">
         <name>.debug_info</name>
         <load_address>0x14188</load_address>
[...]
      </symbol>
      <symbol id="sm-8b8">
         <name>interrupt_key</name>
         <value>0xd348</value>
         <object_component_ref idref="oc-159"/>
      </symbol>
      <symbol id="sm-8b9">
         <name>wavsize</name>
         <value>0x3828</value>
         <object_component_ref idref="oc-9b"/>
      </symbol>
      <symbol id="sm-8ba">
         <name>rc</name>
         <value>0x35ac</value>
         <object_component_ref idref="oc-9b"/>
      </symbol>
      <symbol id="sm-8bb">
         <name>lastSec</name>
         <value>0x382c</value>
         <object_component_ref idref="oc-9b"/>
      </symbol>
      <symbol id="sm-8bc">
         <name>USCI_A1_ISR</name>
         <value>0x8000</value>
         <object_component_ref idref="oc-151"/>
      </symbol>
      <symbol id="sm-8bd">
         <name>rcc</name>
         <value>0x2596</value>
         <object_component_ref idref="oc-9b"/>
      </symbol>
      <symbol id="sm-8be">
         <name>changefre</name>
         <value>0xce70</value>
         <object_component_ref idref="oc-17a"/>
      </symbol>
      <symbol id="sm-8bf">
         <name>fno</name>
         <value>0x37f2</value>
         <object_component_ref idref="oc-9b"/>
      </symbol>
      <symbol id="sm-8c0">
         <name>main</name>
         <value>0x965c</value>
         <object_component_ref idref="oc-14d"/>
      </symbol>
      <symbol id="sm-8c1">
         <name>ini_myaudio</name>
         <value>0xd128</value>
         <object_component_ref idref="oc-157"/>
      </symbol>
      <symbol id="sm-8c2">
         <name>fil</name>
         <value>0x3808</value>
         <object_component_ref idref="oc-9b"/>
      </symbol>
      <symbol id="sm-8c3">
         <name>scomm_ini</name>
         <value>0xcedc</value>
         <object_component_ref idref="oc-156"/>
      </symbol>
      <symbol id="sm-8c4">
         <name>display</name>
         <value>0x382e</value>
         <object_component_ref idref="oc-9b"/>
      </symbol>
      <symbol id="sm-8c5">
         <name>playpoint</name>
         <value>0x25a0</value>
         <object_component_ref idref="oc-9b"/>
      </symbol>
      <symbol id="sm-8c6">
         <name>initClock</name>
         <value>0xc476</value>
         <object_component_ref idref="oc-155"/>
      </symbol>
      <symbol id="sm-8c7">
         <name>size</name>
         <value>0x382a</value>
         <object_component_ref idref="oc-9b"/>
      </symbol>
      <symbol id="sm-8c8">
         <name>sin_data_pr</name>
         <value>0x2594</value>
         <object_component_ref idref="oc-9b"/>
      </symbol>
      <symbol id="sm-8c9">
         <name>ttmp</name>
         <value>0x259a</value>
         <object_component_ref idref="oc-9b"/>
      </symbol>
      <symbol id="sm-8ca">
         <name>TIMER0_A0_ISR</name>
         <value>0x83ae</value>
         <object_component_ref idref="oc-150"/>
      </symbol>
      <symbol id="sm-8e4">
         <name>queue_CanRead</name>
         <value>0xd61a</value>
         <object_component_ref idref="oc-17e"/>
      </symbol>
      <symbol id="sm-8e5">
         <name>queue_CanWrite</name>
         <value>0xd670</value>
         <object_component_ref idref="oc-164"/>
      </symbol>
      <symbol id="sm-8e6">
         <name>queue_Write</name>
         <value>0xc404</value>
         <object_component_ref idref="oc-166"/>
      </symbol>
      <symbol id="sm-8e7">
         <name>queue_ThrowData</name>
         <value>0xca9e</value>
         <object_component_ref idref="oc-180"/>
      </symbol>
      <symbol id="sm-8e8">
         <name>queue_Read</name>
         <value>0xc31e</value>
         <object_component_ref idref="oc-1a9"/>
      </symbol>
      <symbol id="sm-8e9">
         <name>initQueue</name>
         <value>0xd42c</value>
         <object_component_ref idref="oc-17c"/>
      </symbol>
      <symbol id="sm-8f7">
         <name>RWbuf</name>
         <value>0x3978</value>
         <object_component_ref idref="oc-a9"/>
      </symbol>
      <symbol id="sm-8f8">
         <name>BYTES_PER_BLOCK</name>
         <value>0xea5e</value>
         <object_component_ref idref="oc-ac"/>
      </symbol>
      <symbol id="sm-8f9">
         <name>RWbuf_info</name>
         <value>0x3b78</value>
         <object_component_ref idref="oc-a9"/>
      </symbol>
      <symbol id="sm-8fa">
         <name>USBMSC_config</name>
         <value>0x3958</value>
         <object_component_ref idref="oc-a9"/>
      </symbol>
      <symbol id="sm-8fb">
         <name>mediaInfo</name>
         <value>0x3b7a</value>
         <object_component_ref idref="oc-a9"/>
      </symbol>
      <symbol id="sm-914">
         <name>etft_AreaSet</name>
         <value>0xc1ae</value>
         <object_component_ref idref="oc-158"/>
      </symbol>
      <symbol id="sm-915">
         <name>etft_DisplayString</name>
         <value>0xb794</value>
         <object_component_ref idref="oc-15b"/>
      </symbol>
      <symbol id="sm-916">
         <name>tft_ascii</name>
         <value>0xd6b4</value>
         <object_component_ref idref="oc-185"/>
      </symbol>
      <symbol id="sm-965">
         <name>tft_AddTxData</name>
         <value>0xd290</value>
         <object_component_ref idref="oc-1ad"/>
      </symbol>
      <symbol id="sm-966">
         <name>tft_SendIndex</name>
         <value>0xd512</value>
         <object_component_ref idref="oc-183"/>
      </symbol>
      <symbol id="sm-967">
         <name>tft_SendData</name>
         <value>0xd4fe</value>
         <object_component_ref idref="oc-184"/>
      </symbol>
      <symbol id="sm-968">
         <name>tft_SendCmd</name>
         <value>0xd5f0</value>
         <object_component_ref idref="oc-182"/>
      </symbol>
      <symbol id="sm-969">
         <name>initTFT</name>
         <value>0x845e</value>
         <object_component_ref idref="oc-15a"/>
      </symbol>
      <symbol id="sm-9b8">
         <name>curSampFreq</name>
         <value>0x3d78</value>
         <object_component_ref idref="oc-b8"/>
      </symbol>
      <symbol id="sm-9b9">
         <name>audioTimerInterrupt</name>
         <value>0x825c</value>
         <object_component_ref idref="oc-153"/>
      </symbol>
      <symbol id="sm-9ba">
         <name>curChunkHeader</name>
         <value>0x3d9c</value>
         <object_component_ref idref="oc-b8"/>
      </symbol>
      <symbol id="sm-9bb">
         <name>audio_ReadHeader</name>
         <value>0xae34</value>
         <object_component_ref idref="oc-17f"/>
      </symbol>
      <symbol id="sm-9bc">
         <name>audio_DecoderStatus</name>
         <value>0xc2a6</value>
         <object_component_ref idref="oc-167"/>
      </symbol>
      <symbol id="sm-9bd">
         <name>__TI_int40</name>
         <value>0xffd0</value>
         <object_component_ref idref="oc-ba"/>
      </symbol>
      <symbol id="sm-9be">
         <name>audio_CheckRIFFHeader</name>
         <value>0xcfb0</value>
         <object_component_ref idref="oc-1ac"/>
      </symbol>
      <symbol id="sm-9bf">
         <name>audio_CheckWavFmt</name>
         <value>0xc5b8</value>
         <object_component_ref idref="oc-1aa"/>
      </symbol>
      <symbol id="sm-9c0">
         <name>audio_DecoderReset</name>
         <value>0xd17c</value>
         <object_component_ref idref="oc-168"/>
      </symbol>
      <symbol id="sm-9c1">
         <name>initAudio</name>
         <value>0xc904</value>
         <object_component_ref idref="oc-17b"/>
      </symbol>
      <symbol id="sm-9c2">
         <name>audio_riff_header</name>
         <value>0x3d7e</value>
         <object_component_ref idref="oc-b8"/>
      </symbol>
      <symbol id="sm-9c3">
         <name>audio_OutputTurnOn</name>
         <value>0xd65c</value>
         <object_component_ref idref="oc-1ab"/>
      </symbol>
      <symbol id="sm-9c4">
         <name>audio_Decode</name>
         <value>0xbc2c</value>
         <object_component_ref idref="oc-181"/>
      </symbol>
      <symbol id="sm-9c5">
         <name>audio_OutputShutDown</name>
         <value>0xd654</value>
         <object_component_ref idref="oc-19a"/>
      </symbol>
      <symbol id="sm-9c6">
         <name>curVolume</name>
         <value>0x3d7c</value>
         <object_component_ref idref="oc-b8"/>
      </symbol>
      <symbol id="sm-9c7">
         <name>audio_wav_fmt</name>
         <value>0x3d8a</value>
         <object_component_ref idref="oc-b8"/>
      </symbol>
      <symbol id="sm-9c8">
         <name>audio_SetOutput</name>
         <value>0xd66a</value>
         <object_component_ref idref="oc-1a7"/>
      </symbol>
      <symbol id="sm-9c9">
         <name>audio_SetWavStream</name>
         <value>0xd582</value>
         <object_component_ref idref="oc-17d"/>
      </symbol>
      <symbol id="sm-9ca">
         <name>audio_wav_status</name>
         <value>0x3d64</value>
         <object_component_ref idref="oc-b8"/>
      </symbol>
      <symbol id="sm-9db">
         <name>_c_int00_noexit</name>
         <value>0x8384</value>
         <object_component_ref idref="oc-4f"/>
      </symbol>
      <symbol id="sm-9dc">
         <name>_c_int00</name>
         <value>0x8384</value>
         <object_component_ref idref="oc-4f"/>
      </symbol>
      <symbol id="sm-9dd">
         <name>_stack</name>
         <value>0x6000</value>
         <object_component_ref idref="oc-c2"/>
      </symbol>
      <symbol id="sm-9de">
         <name>__TI_dtors_ptr</name>
         <value>0x3e14</value>
         <object_component_ref idref="oc-c0"/>
      </symbol>
      <symbol id="sm-9df">
         <name>__TI_cleanup_ptr</name>
         <value>0x3e10</value>
         <object_component_ref idref="oc-c0"/>
      </symbol>
      <symbol id="sm-9e0">
         <name>_reset_vector</name>
         <value>0xfffe</value>
         <object_component_ref idref="oc-c3"/>
      </symbol>
      <symbol id="sm-a04">
         <name>__remu</name>
         <value>0xd442</value>
         <object_component_ref idref="oc-d6"/>
      </symbol>
      <symbol id="sm-a05">
         <name>__divu</name>
         <value>0xd442</value>
         <object_component_ref idref="oc-d6"/>
      </symbol>
      <symbol id="sm-a13">
         <name>__divul</name>
         <value>0xc7fe</value>
         <object_component_ref idref="oc-da"/>
      </symbol>
      <symbol id="sm-a14">
         <name>__remul</name>
         <value>0xc7fe</value>
         <object_component_ref idref="oc-da"/>
      </symbol>
      <symbol id="sm-a1f">
         <name>C$$EXIT</name>
         <value>0xd6ae</value>
         <object_component_ref idref="oc-14e"/>
      </symbol>
      <symbol id="sm-a20">
         <name>abort</name>
         <value>0xd6ae</value>
         <object_component_ref idref="oc-14e"/>
      </symbol>
      <symbol id="sm-a21">
         <name>__TI_exit</name>
         <value>0x1</value>
      </symbol>
      <symbol id="sm-a33">
         <name>__fs_div</name>
         <value>0xbe78</value>
         <object_component_ref idref="oc-e2"/>
      </symbol>
      <symbol id="sm-a40">
         <name>__fs_itof</name>
         <value>0xcea6</value>
         <object_component_ref idref="oc-e6"/>
      </symbol>
      <symbol id="sm-a52">
         <name>__fs_toi</name>
         <value>0xc620</value>
         <object_component_ref idref="oc-ea"/>
      </symbol>
      <symbol id="sm-a5b">
         <name>I_LSL</name>
         <value>0xd630</value>
         <object_component_ref idref="oc-ee"/>
      </symbol>
      <symbol id="sm-a67">
         <name>L_LSL_3</name>
         <value>0xcd7e</value>
         <object_component_ref idref="oc-191"/>
      </symbol>
      <symbol id="sm-a68">
         <name>L_LSL_2</name>
         <value>0xcd82</value>
         <object_component_ref idref="oc-191"/>
      </symbol>
      <symbol id="sm-a69">
         <name>L_LSL_1</name>
         <value>0xcd86</value>
         <object_component_ref idref="oc-191"/>
      </symbol>
      <symbol id="sm-a6a">
         <name>L_LSL_7</name>
         <value>0xcd6e</value>
         <object_component_ref idref="oc-191"/>
      </symbol>
      <symbol id="sm-a6b">
         <name>L_LSL_6</name>
         <value>0xcd72</value>
         <object_component_ref idref="oc-191"/>
      </symbol>
      <symbol id="sm-a6c">
         <name>L_LSL_5</name>
         <value>0xcd76</value>
         <object_component_ref idref="oc-191"/>
      </symbol>
      <symbol id="sm-a6d">
         <name>L_LSL_4</name>
         <value>0xcd7a</value>
         <object_component_ref idref="oc-191"/>
      </symbol>
      <symbol id="sm-a6e">
         <name>L_LSL_9</name>
         <value>0xcd66</value>
         <object_component_ref idref="oc-191"/>
      </symbol>
      <symbol id="sm-a6f">
         <name>L_LSL_8</name>
         <value>0xcd6a</value>
         <object_component_ref idref="oc-191"/>
      </symbol>
      <symbol id="sm-a70">
         <name>L_LSL</name>
         <value>0xd592</value>
         <object_component_ref idref="oc-1f1"/>
      </symbol>
      <symbol id="sm-a71">
         <name>L_LSL_12</name>
         <value>0xcd5a</value>
         <object_component_ref idref="oc-191"/>
      </symbol>
      <symbol id="sm-a72">
         <name>L_LSL_13</name>
         <value>0xcd56</value>
         <object_component_ref idref="oc-191"/>
      </symbol>
      <symbol id="sm-a73">
         <name>L_LSL_10</name>
         <value>0xcd62</value>
         <object_component_ref idref="oc-191"/>
      </symbol>
      <symbol id="sm-a74">
         <name>L_LSL_11</name>
         <value>0xcd5e</value>
         <object_component_ref idref="oc-191"/>
      </symbol>
      <symbol id="sm-a75">
         <name>L_LSL_14</name>
         <value>0xcd52</value>
         <object_component_ref idref="oc-191"/>
      </symbol>
      <symbol id="sm-a76">
         <name>L_LSL_15</name>
         <value>0xcd4e</value>
         <object_component_ref idref="oc-191"/>
      </symbol>
      <symbol id="sm-a82">
         <name>L_LSR_12</name>
         <value>0xcd98</value>
         <object_component_ref idref="oc-195"/>
      </symbol>
      <symbol id="sm-a83">
         <name>L_LSR_13</name>
         <value>0xcd94</value>
         <object_component_ref idref="oc-195"/>
      </symbol>
      <symbol id="sm-a84">
         <name>L_LSR_10</name>
         <value>0xcda0</value>
         <object_component_ref idref="oc-195"/>
      </symbol>
      <symbol id="sm-a85">
         <name>L_LSR_11</name>
         <value>0xcd9c</value>
         <object_component_ref idref="oc-195"/>
      </symbol>
      <symbol id="sm-a86">
         <name>L_LSR_14</name>
         <value>0xcd90</value>
         <object_component_ref idref="oc-195"/>
      </symbol>
      <symbol id="sm-a87">
         <name>L_LSR_15</name>
         <value>0xcd8c</value>
         <object_component_ref idref="oc-195"/>
      </symbol>
      <symbol id="sm-a88">
         <name>L_LSR</name>
         <value>0xd5a2</value>
         <object_component_ref idref="oc-1fa"/>
      </symbol>
      <symbol id="sm-a89">
         <name>L_LSR_3</name>
         <value>0xcdbc</value>
         <object_component_ref idref="oc-195"/>
      </symbol>
      <symbol id="sm-a8a">
         <name>L_LSR_2</name>
         <value>0xcdc0</value>
         <object_component_ref idref="oc-195"/>
      </symbol>
      <symbol id="sm-a8b">
         <name>L_LSR_1</name>
         <value>0xcdc4</value>
         <object_component_ref idref="oc-195"/>
      </symbol>
      <symbol id="sm-a8c">
         <name>L_LSR_7</name>
         <value>0xcdac</value>
         <object_component_ref idref="oc-195"/>
      </symbol>
      <symbol id="sm-a8d">
         <name>L_LSR_6</name>
         <value>0xcdb0</value>
         <object_component_ref idref="oc-195"/>
      </symbol>
      <symbol id="sm-a8e">
         <name>L_LSR_5</name>
         <value>0xcdb4</value>
         <object_component_ref idref="oc-195"/>
      </symbol>
      <symbol id="sm-a8f">
         <name>L_LSR_4</name>
         <value>0xcdb8</value>
         <object_component_ref idref="oc-195"/>
      </symbol>
      <symbol id="sm-a90">
         <name>L_LSR_9</name>
         <value>0xcda4</value>
         <object_component_ref idref="oc-195"/>
      </symbol>
      <symbol id="sm-a91">
         <name>L_LSR_8</name>
         <value>0xcda8</value>
         <object_component_ref idref="oc-195"/>
      </symbol>
      <symbol id="sm-a9e">
         <name>memcmp</name>
         <value>0xd1e8</value>
         <object_component_ref idref="oc-1a8"/>
      </symbol>
      <symbol id="sm-aaa">
         <name>memcpy</name>
         <value>0xd570</value>
         <object_component_ref idref="oc-154"/>
      </symbol>
      <symbol id="sm-ab6">
         <name>memset</name>
         <value>0xd4ea</value>
         <object_component_ref idref="oc-1c8"/>
      </symbol>
      <symbol id="sm-ac3">
         <name>__mpyi_f5hw</name>
         <value>0xd458</value>
         <object_component_ref idref="oc-107"/>
      </symbol>
      <symbol id="sm-acb">
         <name>__mpyl_f5hw</name>
         <value>0xd20a</value>
         <object_component_ref idref="oc-10b"/>
      </symbol>
      <symbol id="sm-ad5">
         <name>_system_pre_init</name>
         <value>0xd6aa</value>
         <object_component_ref idref="oc-14b"/>
      </symbol>
      <symbol id="sm-ae5">
         <name>sprintf</name>
         <value>0xcdca</value>
         <object_component_ref idref="oc-163"/>
      </symbol>
      <symbol id="sm-af0">
         <name>strcpy</name>
         <value>0xd5d2</value>
         <object_component_ref idref="oc-15f"/>
      </symbol>
      <symbol id="sm-b01">
         <name>strstr</name>
         <value>0xcf12</value>
         <object_component_ref idref="oc-161"/>
      </symbol>
      <symbol id="sm-b0d">
         <name>_nop</name>
         <value>0xd6b2</value>
         <object_component_ref idref="oc-14a"/>
      </symbol>
      <symbol id="sm-b0e">
         <name>_lock</name>
         <value>0x3e08</value>
         <object_component_ref idref="oc-11f"/>
      </symbol>
      <symbol id="sm-b0f">
         <name>_unlock</name>
         <value>0x3e0c</value>
         <object_component_ref idref="oc-11f"/>
      </symbol>
      <symbol id="sm-b9e">
         <name>__TI_printfi_nofloat</name>
         <value>0xa02c</value>
         <object_component_ref idref="oc-194"/>
      </symbol>
      <symbol id="sm-ba6">
         <name>__TI_args_main</name>
         <value>0x1</value>
      </symbol>
      <symbol id="sm-bb7">
         <name>atoi</name>
         <value>0xc95a</value>
         <object_component_ref idref="oc-1d2"/>
      </symbol>
      <symbol id="sm-bc7">
         <name>_auto_init</name>
         <value>0xcb7a</value>
         <object_component_ref idref="oc-14c"/>
      </symbol>
      <symbol id="sm-bc8">
         <name>__TI_auto_init</name>
         <value>0x1</value>
      </symbol>
      <symbol id="sm-bd0">
         <name>_ctypes_</name>
         <value>0xe6c4</value>
         <object_component_ref idref="oc-1ec"/>
      </symbol>
      <symbol id="sm-c0e">
         <name>__divull</name>
         <value>0x92ce</value>
         <object_component_ref idref="oc-1f8"/>
      </symbol>
      <symbol id="sm-c0f">
         <name>__lslll</name>
         <value>0xcc94</value>
         <object_component_ref idref="oc-1f9"/>
      </symbol>
      <symbol id="sm-c10">
         <name>__lsrll</name>
         <value>0xccd2</value>
         <object_component_ref idref="oc-1f7"/>
      </symbol>
      <symbol id="sm-c1d">
         <name>memccpy</name>
         <value>0xd364</value>
         <object_component_ref idref="oc-1d4"/>
      </symbol>
      <symbol id="sm-c25">
         <name>__mpyll_f5hw</name>
         <value>0xc74a</value>
         <object_component_ref idref="oc-1f6"/>
      </symbol>
      <symbol id="sm-c30">
         <name>strlen</name>
         <value>0xd5e2</value>
         <object_component_ref idref="oc-1b7"/>
      </symbol>
   </symbol_table>
   <title>Link successful</title>
</link_info>
